[skip] Latitude_5410_LA-J371P already fetched
[skip] OptiPlex_3090_indiafix already fetched
[skip] Latitude_3440_QUAKEL14 already fetched
[skip] Latitude_3410_reddit already fetched
[skip] Latitude_3410_reddit_b already fetched
[FILE] https://www.uploadfiles.io/file/1qejg9kuzsg3igy/Dell+3410+19746-1.zip/file -> raw/Latitude_3410_uploadfiles/dell_3410_19746-1.zip
    [fetch failed 400 https://ufile.io/file/1qejg9kuzsg3igy/Dell+3410+19746-1.zip/file] https://www.uploadfiles.io/file/1qejg9kuzsg3igy/Dell+3410+19746-1.zip/file
[skip] Latitude_5410_LA-J371P_wb already fetched
[skip] OptiPlex_3090_indiafix_wb already fetched
[skip] Latitude_3440_QUAKEL14_wb already fetched
[skip] Latitude_5410_LA-J371P_feed already fetched
[skip] OptiPlex_3090_indiafix_feed already fetched
[skip] Latitude_3440_QUAKEL14_feed already fetched
[skip] OptiPlex_7070_BISON already fetched
[skip] OptiPlex_7070_Micro_IPCFL already fetched
[skip] OptiPlex_3070_IPCFL already fetched
[skip] Latitude_3410_reddit_json already fetched
[skip] Latitude_3410_reddit_json_b already fetched
[skip] Latitude_3410_old_json already fetched
[skip] Latitude_3410_old_json_b already fetched
[skip] Latitude_3410_jina already fetched
[skip] Latitude_3410_redlib already fetched
[skip] Latitude_3410_pullpush already fetched
[skip] Latitude_3410_pullpush_b already fetched
[skip] Latitude_3410_arctic already fetched
[skip] Latitude_3410_arctic_b already fetched
[skip] Latitude_3410_arctic2 already fetched
[skip] Latitude_3410_arctic2_b already fetched
[skip] Latitude_3410_wayback already fetched
[skip] Latitude_3410_wayback_b already fetched
[FILE] https://drive.google.com/drive/folders/1XsUVBIwf9d6nmHbDzeUk-m_w7VGXzgEi -> raw/Latitude_3410_ECfolder/folder
    [saved] Latitude_3410_ECfolder/folder_dl/* (Drive folder, 2 entries)
[skip] Latitude_3410_ECfolder_page already fetched
[skip] Latitude_3410_drive_child1 already fetched
[skip] Latitude_3410_drive_child2 already fetched
[skip] Latitude_3410_comments already fetched
[skip] Latitude_3410_comments_b already fetched
[skip] Latitude_3410_youtube already fetched
[skip] Latitude_3410_yt_free already fetched
[skip] repairlap_3410 already fetched
[skip] alisaler_3410 already fetched
[skip] vinafix_3410_thread already fetched
[FILE] https://vinafix.com/attachments/mockingbird-l-19746-1-pass-8mb-bin.150249/ -> raw/vinafix_3410/pass_8mb_150249
    [saved] vinafix_3410/mockingbird-l-19746-1-pass-8mb-bin.150249 (35464 bytes)
[FILE] https://vinafix.com/attachments/mockingbird-l-19746-1-pass-16mb-bin.150250/ -> raw/vinafix_3410/pass_16mb_150250
    [saved] vinafix_3410/mockingbird-l-19746-1-pass-16mb-bin.150250 (35470 bytes)
[FILE] https://vinafix.com/attachments/8mb-bin-zip.148166/ -> raw/vinafix_3410/8mb_zip_148166
    [saved] vinafix_3410/8mb-bin-zip.148166 (35326 bytes)
[skip] vinafix_wayback_8mb already fetched
[skip] vinafix_wayback_19746 already fetched
[skip] indiafix_3410_19709 already fetched
[FILE] https://www.mediafire.com/file/1qejg9kuzsg3igy/Dell+3410+19746-1.zip/file -> raw/mediafire_3410/dell_3410_19746_1
    [saved] mediafire_3410/mediafire_page.html (334497 bytes, sha256 41eb371689f49f7d…)
    [saved] mediafire_3410/mediafire_dell_3410_19746_1.bin
[FILE] https://drive.google.com/uc?export=download&id=1WzPOJE1y5w5rtFw8TfXmrYibxNzAhTP_ -> raw/alisaler_5430/alisaler_5430_bios
    [saved] alisaler_5430/drive_alisaler_5430_bios.bin via gdown (15985568 bytes)
[FILE] https://drive.google.com/uc?export=download&id=1LOKEk7fpR78_hiUf40lNSchuNGz3QNvB -> raw/alisaler_7430/alisaler_7430_bios
    [saved] alisaler_7430/drive_alisaler_7430_bios.bin via gdown (10226346 bytes)
[skip] mediafire_3410_page already fetched
[skip] indiafix_3410_wayback already fetched
[skip] tg_3410/tg_3410_13723.zip already fetched
[skip] tg_3410/tg_3410_13724.rar already fetched
[skip] tg_3410_msg13723 already fetched
[skip] tg_3410_msg13724 already fetched
[skip] drbios_3410 already fetched
[skip] Latitude_3410_dellpkg_1133 already fetched
[skip] Latitude_3410_pkg141/Latitude_3410_3510_1.4.1.exe already fetched
[skip] Latitude_3410_pkg160/Latitude_3410_3510_1.6.0.exe already fetched
[skip] Latitude_3420_pkg1133/Latitude_3420_3520_1.13.3.exe already fetched
[skip] tg_3410_embed13724 already fetched
[skip] tg_3090_msg23340 already fetched
[skip] tg_3090/tg_3090_23340.zip already fetched
[skip] drbios_3090_68894 already fetched
[skip] drbios_3090_59046 already fetched
[skip] drbios_3090_61941 already fetched
[skip] badcaps_3090_3217350 already fetched
[skip] badcaps_3090_98981 already fetched
[skip] badcaps_3090_3539267 already fetched
[skip] reddit_1mni7p9_post already fetched
[skip] reddit_1mni7p9_comments already fetched
[skip] vinafix_3090_45618 already fetched
[skip] indiafix_3090_212037_wb already fetched
[PAGE] https://arctic-shift.photon-reddit.com/api/comments/search?subreddit=Dell&body=CF1B&limit=50 -> raw/as_dell_cf1b
    [page fetch failed] https://arctic-shift.photon-reddit.com/api/comments/search?subreddit=Dell&body=CF1B&limit=50
[PAGE] https://arctic-shift.photon-reddit.com/api/comments/search?subreddit=Dell&body=8FC8&limit=50 -> raw/as_dell_8fc8
    [page fetch failed] https://arctic-shift.photon-reddit.com/api/comments/search?subreddit=Dell&body=8FC8&limit=50
[PAGE] https://arctic-shift.photon-reddit.com/api/comments/search?subreddit=Dell&body=9ABE&limit=50 -> raw/as_dell_9abe
    [page fetch failed] https://arctic-shift.photon-reddit.com/api/comments/search?subreddit=Dell&body=9ABE&limit=50
[PAGE] https://arctic-shift.photon-reddit.com/api/posts/search?subreddit=Dell&selftext=CF1B&limit=50 -> raw/as_dell_posts_cf1b
    [page fetch failed] https://arctic-shift.photon-reddit.com/api/posts/search?subreddit=Dell&selftext=CF1B&limit=50
[skip] badcaps_3080_85841 already fetched
[skip] biosfix_8fc8_53041 already fetched
[skip] yt_seller_jmW789IwJEI already fetched
[skip] tgbiosarchive_watch already fetched
[skip] vinafix_3090_45618_watch already fetched
[skip] badcaps_3090_98981_watch already fetched
[PAGE] https://www.dr-bios.com/mht/Dell-OptiPlex-3090-212037-1/68894 -> raw/drbios_3090_68894_watch
    [page fetch failed] https://www.dr-bios.com/mht/Dell-OptiPlex-3090-212037-1/68894
[FILE] https://dl.dell.com/FOLDER07173175M/1/OptiPlex_3080_1.3.10.exe -> raw/misc/dell_3080_1310
    [saved] misc/OptiPlex_3080_1.3.10.exe (25475264 bytes)
[FILE] https://dl.dell.com/FOLDER07173178M/1/BIOS_IMG.rcv -> raw/misc/dell_3080_1310_rcv
    [saved] misc/BIOS_IMG.rcv (25466584 bytes)
[FILE] https://dl.dell.com/FOLDER07322275M/1/OptiPlex_3090_UFF_1.1.0.exe -> raw/misc/dell_3090uff_110
    [saved] misc/OptiPlex_3090_UFF_1.1.0.exe (29900248 bytes)
[FILE] https://dl.dell.com/FOLDER07322277M/1/BIOS_IMG.rcv -> raw/misc/dell_3090uff_110_rcv
    [saved] misc/BIOS_IMG.rcv (29891566 bytes)
[FILE] https://dl.dell.com/FOLDER03495025M/5/Firmware_WNXXT_WN32_2.2_A02.EXE -> raw/misc/dell_ec_tool_wnxxt
    [saved] misc/Firmware_WNXXT_WN32_2.2_A02.EXE (10838144 bytes)
[skip] dell_3080_rcv/3080_BIOS_IMG.rcv already fetched
[skip] dell_3410_120/Latitude_3410_3510_1.2.0.exe already fetched
[skip] dell_5x10_111/Latitude_5X10_Precision_3550_1.1.1.exe already fetched
[skip] dell_3070_144/OptiPlex_3070_1.4.4.exe already fetched
[skip] dell_3410_1360/Latitude_3410_3510_1.36.0.exe already fetched
[skip] dell_3420_1440/Latitude_3420_Latitude_3520_1.44.0.exe already fetched
[skip] elvikom_3090_schematic already fetched
[skip] badcaps_3090_98981_p4 already fetched
[skip] elvikom_3090_schematic/ipcml_rn_schematic.bin already fetched
[skip] elvikom_3090_schematic/ipcml_rn_boardview.rar already fetched
[skip] pkbiosfix_3410_565 already fetched
[skip] pkbiosfix_3410_565/dell_3410_LOCK_8MB.BIN already fetched
[skip] pkbiosfix_3410_565/dell_3410_LOCK_16MB.BIN already fetched
[skip] pkbiosfix_3410_565/dell_3410_8mb_fixed.rar already fetched
[skip] pkbiosfix_3410_565/Latitude_3510_8MB.BIN already fetched
[skip] pkbiosfix_3410_565/Latitude_3510_16MB.BIN already fetched
[skip] pkbiosfix_3410_565/xm25qh64a_20250306.zip already fetched
[skip] pkbiosfix_3410_565/xm25qh128a_20250306.zip already fetched
[skip] pkbiosfix_3410_565/service_tag_fixed.rar already fetched
[skip] pkbiosfix_3410_565/DELL_3410_BUILD_NEW.bin already fetched
[skip] pkbiosfix_3410_565/DELL_3410_BUILD16MB.bin already fetched
[skip] pkbiosfix_3410_565/xm25qh64a_20250527.BIN already fetched
[skip] pkbiosfix_3410_565/xm25qh128a_20250527.BIN already fetched
[skip] pkbiosfix_3410_565/build_clean_me.rar already fetched
[skip] pkbiosfix_3410_565/pk_8mb.zip already fetched
[skip] pkbiosfix_3410_565/pk_16mb.zip already fetched
[skip] pkbiosfix_3410_565/cleanme_8mb.rar already fetched
[skip] pkbiosfix_3410_565/xm25qh64a_20250710.zip already fetched
[skip] pkbiosfix_3410_565/xm25qh128a_20250710.zip already fetched
[skip] pkbiosfix_3410_565/19709_1_3510_8mb.rar already fetched
[skip] pkbiosfix_3410_565/19709_1_3510_16mb_ok.rar already fetched
[skip] pkbiosfix_3410_565/tested_8mb.rar already fetched
[skip] pkbiosfix_3410_565/tested_16mb.rar already fetched
[skip] reddit_1iq6vuq_comments already fetched
[PAGE] https://arctic-shift.photon-reddit.com/api/comments/search?subreddit=Dell&body=8FC8&limit=100 -> raw/as_dell_8fc8_r2
    [page fetch failed] https://arctic-shift.photon-reddit.com/api/comments/search?subreddit=Dell&body=8FC8&limit=100
[PAGE] https://arctic-shift.photon-reddit.com/api/comments/search?subreddit=Dell&body=CF1B&limit=100 -> raw/as_dell_cf1b_r2
    [page fetch failed] https://arctic-shift.photon-reddit.com/api/comments/search?subreddit=Dell&body=CF1B&limit=100
[PAGE] https://arctic-shift.photon-reddit.com/api/comments/search?subreddit=Dell&body=9ABE&limit=100 -> raw/as_dell_9abe_r2
    [page fetch failed] https://arctic-shift.photon-reddit.com/api/comments/search?subreddit=Dell&body=9ABE&limit=100
[skip] as_dell_pwis already fetched
[skip] as_dell_posts_8fc8_r2 already fetched
[skip] reddit_1iq6vuq_comments_r2 already fetched
[skip] as_author_cleanbed already fetched
[PAGE] https://arctic-shift.photon-reddit.com/api/comments/search?subreddit=Dell&body=8FC8&limit=100 -> raw/as_dell_8fc8_r3
    [page fetch failed] https://arctic-shift.photon-reddit.com/api/comments/search?subreddit=Dell&body=8FC8&limit=100
[PAGE] https://arctic-shift.photon-reddit.com/api/comments/search?subreddit=Dell&body=CF1B&limit=100 -> raw/as_dell_cf1b_r3
    [page fetch failed] https://arctic-shift.photon-reddit.com/api/comments/search?subreddit=Dell&body=CF1B&limit=100
[skip] reddit_iks99h_comments already fetched
[skip] reddit_1mni7p9_comments_r2 already fetched
[skip] reddit_1vx52jo_comments already fetched
[skip] reddit_1v09bt9_comments already fetched
[skip] fwupd_meta/firmware.xml.gz already fetched
[FILE] https://cdn.fwupd.org/downloads/a39b06122e0e31774dc37410f8b9c409a32122646c662a84b935b046aae1a2e1-CyborgLTgl_TI_G_firmware.cab -> raw/fwupd_meta/CyborgLTgl_TI_G_firmware.cab
    [fetch failed 412 https://cdn.fwupd.org/downloads/a39b06122e0e31774dc37410f8b9c409a32122646c662a84b935b046aae1a2e1-CyborgLTgl_TI_G_firmware.cab] https://cdn.fwupd.org/downloads/a39b06122e0e31774dc37410f8b9c409a32122646c662a84b935b046aae1a2e1-CyborgLTgl_TI_G_firmware.cab
[FILE] https://cdn.fwupd.org/downloads/db2fa48ad533cef969bb51573f23a3161c97b266e3e3cd2f8de7ddd88e70fe37-MockingbirdLCmlU15_14.0_PROD_QS_firmware.cab -> raw/fwupd_meta/MockingbirdLCmlU15_14.0_PROD_QS_firmware.cab
    [fetch failed 412 https://cdn.fwupd.org/downloads/db2fa48ad533cef969bb51573f23a3161c97b266e3e3cd2f8de7ddd88e70fe37-MockingbirdLCmlU15_14.0_PROD_QS_firmware.cab] https://cdn.fwupd.org/downloads/db2fa48ad533cef969bb51573f23a3161c97b266e3e3cd2f8de7ddd88e70fe37-MockingbirdLCmlU15_14.0_PROD_QS_firmware.cab
[FILE] https://cdn.fwupd.org/downloads/118bf96591b7b43fc209b6f0b8a4953f43e1fb2d43df1fc3998c158493253ba9-OptiPlex_3080_2.35.0_firmware.cab -> raw/fwupd_cabs/OptiPlex_3080_2.35.0.cab
    [fetch failed 412 https://cdn.fwupd.org/downloads/118bf96591b7b43fc209b6f0b8a4953f43e1fb2d43df1fc3998c158493253ba9-OptiPlex_3080_2.35.0_firmware.cab] https://cdn.fwupd.org/downloads/118bf96591b7b43fc209b6f0b8a4953f43e1fb2d43df1fc3998c158493253ba9-OptiPlex_3080_2.35.0_firmware.cab
[FILE] https://cdn.fwupd.org/downloads/52867cc9d04f339de5db508304dfc3d57e8d1f8b11f730f16438c9176ed4c7bc-OptiPlex_3090_2.30.0_firmware.cab -> raw/fwupd_cabs/OptiPlex_3090_2.30.0.cab
    [fetch failed 412 https://cdn.fwupd.org/downloads/52867cc9d04f339de5db508304dfc3d57e8d1f8b11f730f16438c9176ed4c7bc-OptiPlex_3090_2.30.0_firmware.cab] https://cdn.fwupd.org/downloads/52867cc9d04f339de5db508304dfc3d57e8d1f8b11f730f16438c9176ed4c7bc-OptiPlex_3090_2.30.0_firmware.cab
[FILE] https://cdn.fwupd.org/downloads/33278626b785c9ff675f41684a49cc87b81a6ec0a6bc6cef997038c28a2309a8-OptiPlex_3090_UFF_1.44.0_LVFS.cab -> raw/fwupd_cabs/OptiPlex_3090_UFF_1.44.0.cab
    [fetch failed 412 https://cdn.fwupd.org/downloads/33278626b785c9ff675f41684a49cc87b81a6ec0a6bc6cef997038c28a2309a8-OptiPlex_3090_UFF_1.44.0_LVFS.cab] https://cdn.fwupd.org/downloads/33278626b785c9ff675f41684a49cc87b81a6ec0a6bc6cef997038c28a2309a8-OptiPlex_3090_UFF_1.44.0_LVFS.cab
[FILE] https://cdn.fwupd.org/downloads/e4cc8ccbceb4bd4757a4342348e892a430bfc0d9d57bcbeedbf4c1d864c2a06c-Latitude_5X10_Precision_3550_1.42.0.cab -> raw/fwupd_cabs/Latitude_5X10_1.42.0.cab
    [fetch failed 412 https://cdn.fwupd.org/downloads/e4cc8ccbceb4bd4757a4342348e892a430bfc0d9d57bcbeedbf4c1d864c2a06c-Latitude_5X10_Precision_3550_1.42.0.cab] https://cdn.fwupd.org/downloads/e4cc8ccbceb4bd4757a4342348e892a430bfc0d9d57bcbeedbf4c1d864c2a06c-Latitude_5X10_Precision_3550_1.42.0.cab
[FILE] https://cdn.fwupd.org/downloads/c32e091afdc570a742d003f3cdaa93871bef2e7fcd77e81a7b704b89766b7d3f-OptiPlex_3080_2.35.0_HDP_firmware.cab -> raw/fwupd_cabs/OptiPlex_3080_2.35.0_HDP.cab
    [fetch failed 412 https://cdn.fwupd.org/downloads/c32e091afdc570a742d003f3cdaa93871bef2e7fcd77e81a7b704b89766b7d3f-OptiPlex_3080_2.35.0_HDP_firmware.cab] https://cdn.fwupd.org/downloads/c32e091afdc570a742d003f3cdaa93871bef2e7fcd77e81a7b704b89766b7d3f-OptiPlex_3080_2.35.0_HDP_firmware.cab
[skip] inspiron_vostro_5x01/Inspiron_Vostro_5401_5501_1.3.0.exe already fetched
[skip] inspiron_vostro_5x01/Inspiron_Vostro_5401_5501_1.8.1.exe already fetched
[skip] inspiron_vostro_5x01/Inspiron_Vostro_5401_5501_1.16.0.exe already fetched
[skip] tg_biosarchive_ec already fetched
[skip] tg_biosarchive_3090 already fetched
[skip] tg_biosarchive_rt809 already fetched
[skip] ec_tools/glasgow_mec16xx_applet.py already fetched
[skip] ec_tools/svod3_MEC5075_Latitude_E7440.pdf already fetched
[FILE] https://ww1.microchip.com/downloads/aemDocuments/documents/OTH/ProductDocuments/DataSheets/00002339A.pdf -> raw/ec_tools/MEC1618_datasheet_00002339A.pdf
    [fetch failed 403 https://www.microchip.com/filehandler/redirect?https://ww1.microchip.com/downloads/aemDocuments/documents/OTH/ProductDocuments/DataSheets/00002339A.pdf] https://ww1.microchip.com/downloads/aemDocuments/documents/OTH/ProductDocuments/DataSheets/00002339A.pdf
[skip] piernov_mec_jtag_article already fetched
[skip] ec_tools/MEC152x_DataSheet_DS00003427F.pdf already fetched
[skip] ec_tools/MEC152x_DataSheet_DS00003427F.pdf already fetched
[FILE] https://web.archive.org/web/2024id_/https://ww1.microchip.com/downloads/aemDocuments/documents/OTH/ProductDocuments/DataSheets/00002339A.pdf -> raw/ec_tools/MEC1618_datasheet_00002339A.pdf
    [fetch failed 403 https://www.microchip.com/filehandler/redirect?https://ww1.microchip.com/downloads/aemDocuments/documents/OTH/ProductDocuments/DataSheets/00002339A.pdf] https://ww1.microchip.com/downloads/aemDocuments/documents/OTH/ProductDocuments/DataSheets/00002339A.pdf
[FILE] https://www.badcaps.net/filedata/fetch?id=2092890 -> raw/badcaps_ec/badcaps_EC_MEC1416_5379.rar
    [fetch failed 202 https://www.badcaps.net/filedata/fetch?id=2092890] https://www.badcaps.net/filedata/fetch?id=2092890
[FILE] https://www.badcaps.net/filedata/fetch?id=2121862 -> raw/badcaps_ec/badcaps_Latitude5401_locked_UT2_UT6.rar
    [fetch failed 202 https://www.badcaps.net/filedata/fetch?id=2121862] https://www.badcaps.net/filedata/fetch?id=2121862
[PAGE] https://t.me/s/biosarchive?q=EC -> raw/tg_biosarchive_EC
    [page head] '<!DOCTYPE html>\n<html>\n  <head>\n    <meta charset="utf-8">\n    <title>BIOS ARCHIVE | BIOS |Laptop Firmware &amp; Tools – Telegram</title>\n    <meta name="viewport" content="width=device-width, initial-scale=1.0, minimum-scale=1.0, maximum-s'
    [saved] tg_biosarchive_EC/page.html (171510 bytes, sha256 69aef943b75eb96f…)
    [links] 1 candidates
    [saved] tg_biosarchive_EC/dl (6391 bytes)
[PAGE] https://t.me/s/biosarchive?q=EC%E7%A8%8B%E5%BA%8F -> raw/tg_biosarchive_EC程序
    [page head] '<!DOCTYPE html>\n<html>\n  <head>\n    <meta charset="utf-8">\n    <title>BIOS ARCHIVE | BIOS |Laptop Firmware &amp; Tools – Telegram</title>\n    <meta name="viewport" content="width=device-width, initial-scale=1.0, minimum-scale=1.0, maximum-s'
    [saved] tg_biosarchive_EC程序/page.html (20393 bytes, sha256 d219c96bdd3e55f3…)
    [links] 1 candidates
    [saved] tg_biosarchive_EC程序/dl (6391 bytes)
[PAGE] https://t.me/s/biosarchive?q=MEC1515 -> raw/tg_biosarchive_MEC1515
    [page head] '<!DOCTYPE html>\n<html>\n  <head>\n    <meta charset="utf-8">\n    <title>BIOS ARCHIVE | BIOS |Laptop Firmware &amp; Tools – Telegram</title>\n    <meta name="viewport" content="width=device-width, initial-scale=1.0, minimum-scale=1.0, maximum-s'
    [saved] tg_biosarchive_MEC1515/page.html (25747 bytes, sha256 64fbcf679c6a022a…)
    [links] 1 candidates
    [saved] tg_biosarchive_MEC1515/dl (6391 bytes)
[PAGE] https://t.me/s/biosarchive?q=MEC1618 -> raw/tg_biosarchive_MEC1618
    [page head] '<!DOCTYPE html>\n<html>\n  <head>\n    <meta charset="utf-8">\n    <title>BIOS ARCHIVE | BIOS |Laptop Firmware &amp; Tools – Telegram</title>\n    <meta name="viewport" content="width=device-width, initial-scale=1.0, minimum-scale=1.0, maximum-s'
    [saved] tg_biosarchive_MEC1618/page.html (20392 bytes, sha256 80b2c70073459bb6…)
    [links] 1 candidates
    [saved] tg_biosarchive_MEC1618/dl (6391 bytes)
[PAGE] https://t.me/s/biosarchive?q=MEC1521 -> raw/tg_biosarchive_MEC1521
    [page head] '<!DOCTYPE html>\n<html>\n  <head>\n    <meta charset="utf-8">\n    <title>BIOS ARCHIVE | BIOS |Laptop Firmware &amp; Tools – Telegram</title>\n    <meta name="viewport" content="width=device-width, initial-scale=1.0, minimum-scale=1.0, maximum-s'
    [saved] tg_biosarchive_MEC1521/page.html (20389 bytes, sha256 468a1e36098f477a…)
    [links] 1 candidates
    [saved] tg_biosarchive_MEC1521/dl (6391 bytes)
[skip] tg_biosarchive_3090 already fetched
[PAGE] https://t.me/s/biosarchive?q=3080 -> raw/tg_biosarchive_3080
    [page head] '<!DOCTYPE html>\n<html>\n  <head>\n    <meta charset="utf-8">\n    <title>BIOS ARCHIVE | BIOS |Laptop Firmware &amp; Tools – Telegram</title>\n    <meta name="viewport" content="width=device-width, initial-scale=1.0, minimum-scale=1.0, maximum-s'
    [saved] tg_biosarchive_3080/page.html (31211 bytes, sha256 85826acf058b5cab…)
    [links] 1 candidates
    [saved] tg_biosarchive_3080/dl (6391 bytes)
[PAGE] https://t.me/s/biosarchive?q=5080 -> raw/tg_biosarchive_5080
    [page head] '<!DOCTYPE html>\n<html>\n  <head>\n    <meta charset="utf-8">\n    <title>BIOS ARCHIVE | BIOS |Laptop Firmware &amp; Tools – Telegram</title>\n    <meta name="viewport" content="width=device-width, initial-scale=1.0, minimum-scale=1.0, maximum-s'
    [saved] tg_biosarchive_5080/page.html (25341 bytes, sha256 84c90317b5a61ad8…)
    [links] 1 candidates
    [saved] tg_biosarchive_5080/dl (6391 bytes)
[PAGE] https://t.me/s/biosarchive?q=7080 -> raw/tg_biosarchive_7080
    [page head] '<!DOCTYPE html>\n<html>\n  <head>\n    <meta charset="utf-8">\n    <title>BIOS ARCHIVE | BIOS |Laptop Firmware &amp; Tools – Telegram</title>\n    <meta name="viewport" content="width=device-width, initial-scale=1.0, minimum-scale=1.0, maximum-s'
    [saved] tg_biosarchive_7080/page.html (28533 bytes, sha256 67e35058aaa8b208…)
    [links] 1 candidates
    [saved] tg_biosarchive_7080/dl (6390 bytes)
[PAGE] https://t.me/s/biosarchive?q=3410 -> raw/tg_biosarchive_3410
    [page head] '<!DOCTYPE html>\n<html>\n  <head>\n    <meta charset="utf-8">\n    <title>BIOS ARCHIVE | BIOS |Laptop Firmware &amp; Tools – Telegram</title>\n    <meta name="viewport" content="width=device-width, initial-scale=1.0, minimum-scale=1.0, maximum-s'
    [saved] tg_biosarchive_3410/page.html (85976 bytes, sha256 0c4f55a51d52ff6f…)
    [links] 1 candidates
    [saved] tg_biosarchive_3410/dl (6391 bytes)
[PAGE] https://t.me/s/biosarchive?q=5410 -> raw/tg_biosarchive_5410
    [page head] '<!DOCTYPE html>\n<html>\n  <head>\n    <meta charset="utf-8">\n    <title>BIOS ARCHIVE | BIOS |Laptop Firmware &amp; Tools – Telegram</title>\n    <meta name="viewport" content="width=device-width, initial-scale=1.0, minimum-scale=1.0, maximum-s'
    [saved] tg_biosarchive_5410/page.html (59605 bytes, sha256 2b70670242d9ec03…)
    [links] 1 candidates
    [saved] tg_biosarchive_5410/dl (6390 bytes)
[PAGE] https://t.me/s/biosarchive?q=5401 -> raw/tg_biosarchive_5401
    [page head] '<!DOCTYPE html>\n<html>\n  <head>\n    <meta charset="utf-8">\n    <title>BIOS ARCHIVE | BIOS |Laptop Firmware &amp; Tools – Telegram</title>\n    <meta name="viewport" content="width=device-width, initial-scale=1.0, minimum-scale=1.0, maximum-s'
    [saved] tg_biosarchive_5401/page.html (34652 bytes, sha256 417b1003b7f55bd4…)
    [links] 1 candidates
    [saved] tg_biosarchive_5401/dl (6391 bytes)
[PAGE] https://t.me/s/biosarchive?q=IPCML -> raw/tg_biosarchive_IPCML
    [page head] '<!DOCTYPE html>\n<html>\n  <head>\n    <meta charset="utf-8">\n    <title>BIOS ARCHIVE | BIOS |Laptop Firmware &amp; Tools – Telegram</title>\n    <meta name="viewport" content="width=device-width, initial-scale=1.0, minimum-scale=1.0, maximum-s'
    [saved] tg_biosarchive_IPCML/page.html (61417 bytes, sha256 ea9c9e6fc83b45d7…)
    [links] 1 candidates
    [saved] tg_biosarchive_IPCML/dl (6391 bytes)
[PAGE] https://t.me/s/biosarchive?q=QUAKEL14 -> raw/tg_biosarchive_QUAKEL14
    [page head] '<!DOCTYPE html>\n<html>\n  <head>\n    <meta charset="utf-8">\n    <title>BIOS ARCHIVE | BIOS |Laptop Firmware &amp; Tools – Telegram</title>\n    <meta name="viewport" content="width=device-width, initial-scale=1.0, minimum-scale=1.0, maximum-s'
    [saved] tg_biosarchive_QUAKEL14/page.html (32546 bytes, sha256 e985a4b2e64be726…)
    [links] 1 candidates
    [saved] tg_biosarchive_QUAKEL14/dl (6391 bytes)
[PAGE] https://t.me/s/biosarchive?q=MOCKINGBIRD -> raw/tg_biosarchive_MOCKINGBIRD
    [page head] '<!DOCTYPE html>\n<html>\n  <head>\n    <meta charset="utf-8">\n    <title>BIOS ARCHIVE | BIOS |Laptop Firmware &amp; Tools – Telegram</title>\n    <meta name="viewport" content="width=device-width, initial-scale=1.0, minimum-scale=1.0, maximum-s'
    [saved] tg_biosarchive_MOCKINGBIRD/page.html (94724 bytes, sha256 3a3ecc47420ced4e…)
    [links] 1 candidates
    [saved] tg_biosarchive_MOCKINGBIRD/dl (6391 bytes)
[PAGE] https://t.me/s/biosarchive?q=CYBORG -> raw/tg_biosarchive_CYBORG
    [page head] '<!DOCTYPE html>\n<html>\n  <head>\n    <meta charset="utf-8">\n    <title>BIOS ARCHIVE | BIOS |Laptop Firmware &amp; Tools – Telegram</title>\n    <meta name="viewport" content="width=device-width, initial-scale=1.0, minimum-scale=1.0, maximum-s'
    [saved] tg_biosarchive_CYBORG/page.html (152173 bytes, sha256 1baa070d93e20f1e…)
    [links] 1 candidates
    [saved] tg_biosarchive_CYBORG/dl (6391 bytes)
[PAGE] https://t.me/s/schematicslaptop?q=EC -> raw/tg_schematicslaptop_EC
    [page head] '<!DOCTYPE html>\n<html>\n  <head>\n    <meta charset="utf-8">\n    <title>schematics|boardviews| ARCHIVE 💻💻 – Telegram</title>\n    <meta name="viewport" content="width=device-width, initial-scale=1.0, minimum-scale=1.0, maximum-scale=1.0, user-'
    [saved] tg_schematicslaptop_EC/page.html (129934 bytes, sha256 f539f8272e2e735f…)
    [links] 1 candidates
    [saved] tg_schematicslaptop_EC/dl (6391 bytes)
[PAGE] https://t.me/s/schematicslaptop?q=EC%E7%A8%8B%E5%BA%8F -> raw/tg_schematicslaptop_EC程序
    [page head] '<!DOCTYPE html>\n<html>\n  <head>\n    <meta charset="utf-8">\n    <title>schematics|boardviews| ARCHIVE 💻💻 – Telegram</title>\n    <meta name="viewport" content="width=device-width, initial-scale=1.0, minimum-scale=1.0, maximum-scale=1.0, user-'
    [saved] tg_schematicslaptop_EC程序/page.html (20791 bytes, sha256 c50230227a68c010…)
    [links] 1 candidates
    [saved] tg_schematicslaptop_EC程序/dl (6391 bytes)
[PAGE] https://t.me/s/schematicslaptop?q=MEC1515 -> raw/tg_schematicslaptop_MEC1515
    [page head] '<!DOCTYPE html>\n<html>\n  <head>\n    <meta charset="utf-8">\n    <title>schematics|boardviews| ARCHIVE 💻💻 – Telegram</title>\n    <meta name="viewport" content="width=device-width, initial-scale=1.0, minimum-scale=1.0, maximum-scale=1.0, user-'
    [saved] tg_schematicslaptop_MEC1515/page.html (20789 bytes, sha256 9bab94518cd610e4…)
    [links] 1 candidates
    [saved] tg_schematicslaptop_MEC1515/dl (6392 bytes)
[PAGE] https://t.me/s/schematicslaptop?q=MEC1618 -> raw/tg_schematicslaptop_MEC1618
    [page head] '<!DOCTYPE html>\n<html>\n  <head>\n    <meta charset="utf-8">\n    <title>schematics|boardviews| ARCHIVE 💻💻 – Telegram</title>\n    <meta name="viewport" content="width=device-width, initial-scale=1.0, minimum-scale=1.0, maximum-scale=1.0, user-'
    [saved] tg_schematicslaptop_MEC1618/page.html (20789 bytes, sha256 84a7777e82353fbf…)
    [links] 1 candidates
    [saved] tg_schematicslaptop_MEC1618/dl (6391 bytes)
[PAGE] https://t.me/s/schematicslaptop?q=MEC1521 -> raw/tg_schematicslaptop_MEC1521
    [page head] '<!DOCTYPE html>\n<html>\n  <head>\n    <meta charset="utf-8">\n    <title>schematics|boardviews| ARCHIVE 💻💻 – Telegram</title>\n    <meta name="viewport" content="width=device-width, initial-scale=1.0, minimum-scale=1.0, maximum-scale=1.0, user-'
    [saved] tg_schematicslaptop_MEC1521/page.html (20788 bytes, sha256 097bbabb619c9c7a…)
    [links] 1 candidates
    [saved] tg_schematicslaptop_MEC1521/dl (6391 bytes)
[PAGE] https://t.me/s/schematicslaptop?q=3090 -> raw/tg_schematicslaptop_3090
    [page head] '<!DOCTYPE html>\n<html>\n  <head>\n    <meta charset="utf-8">\n    <title>schematics|boardviews| ARCHIVE 💻💻 – Telegram</title>\n    <meta name="viewport" content="width=device-width, initial-scale=1.0, minimum-scale=1.0, maximum-scale=1.0, user-'
    [saved] tg_schematicslaptop_3090/page.html (63993 bytes, sha256 88fb8afd8c1ab1f6…)
    [links] 1 candidates
    [saved] tg_schematicslaptop_3090/dl (6391 bytes)
[PAGE] https://t.me/s/schematicslaptop?q=3080 -> raw/tg_schematicslaptop_3080
    [page head] '<!DOCTYPE html>\n<html>\n  <head>\n    <meta charset="utf-8">\n    <title>schematics|boardviews| ARCHIVE 💻💻 – Telegram</title>\n    <meta name="viewport" content="width=device-width, initial-scale=1.0, minimum-scale=1.0, maximum-scale=1.0, user-'
    [saved] tg_schematicslaptop_3080/page.html (58316 bytes, sha256 9b59607aa14202d6…)
    [links] 1 candidates
    [saved] tg_schematicslaptop_3080/dl (6390 bytes)
[PAGE] https://t.me/s/schematicslaptop?q=5080 -> raw/tg_schematicslaptop_5080
    [page head] '<!DOCTYPE html>\n<html>\n  <head>\n    <meta charset="utf-8">\n    <title>schematics|boardviews| ARCHIVE 💻💻 – Telegram</title>\n    <meta name="viewport" content="width=device-width, initial-scale=1.0, minimum-scale=1.0, maximum-scale=1.0, user-'
    [saved] tg_schematicslaptop_5080/page.html (20784 bytes, sha256 3dc85c8799e8a3b7…)
    [links] 1 candidates
    [saved] tg_schematicslaptop_5080/dl (6391 bytes)
[PAGE] https://t.me/s/schematicslaptop?q=7080 -> raw/tg_schematicslaptop_7080
    [page head] '<!DOCTYPE html>\n<html>\n  <head>\n    <meta charset="utf-8">\n    <title>schematics|boardviews| ARCHIVE 💻💻 – Telegram</title>\n    <meta name="viewport" content="width=device-width, initial-scale=1.0, minimum-scale=1.0, maximum-scale=1.0, user-'
    [saved] tg_schematicslaptop_7080/page.html (20784 bytes, sha256 12ae1ae1e0e449a7…)
    [links] 1 candidates
    [saved] tg_schematicslaptop_7080/dl (6391 bytes)
[PAGE] https://t.me/s/schematicslaptop?q=3410 -> raw/tg_schematicslaptop_3410
    [page head] '<!DOCTYPE html>\n<html>\n  <head>\n    <meta charset="utf-8">\n    <title>schematics|boardviews| ARCHIVE 💻💻 – Telegram</title>\n    <meta name="viewport" content="width=device-width, initial-scale=1.0, minimum-scale=1.0, maximum-scale=1.0, user-'
    [saved] tg_schematicslaptop_3410/page.html (32232 bytes, sha256 5fe2486e850edb86…)
    [links] 1 candidates
    [saved] tg_schematicslaptop_3410/dl (6391 bytes)
[PAGE] https://t.me/s/schematicslaptop?q=5410 -> raw/tg_schematicslaptop_5410
    [page head] '<!DOCTYPE html>\n<html>\n  <head>\n    <meta charset="utf-8">\n    <title>schematics|boardviews| ARCHIVE 💻💻 – Telegram</title>\n    <meta name="viewport" content="width=device-width, initial-scale=1.0, minimum-scale=1.0, maximum-scale=1.0, user-'
    [saved] tg_schematicslaptop_5410/page.html (37070 bytes, sha256 f237b0a347687870…)
    [links] 1 candidates
    [saved] tg_schematicslaptop_5410/dl (6391 bytes)
[PAGE] https://t.me/s/schematicslaptop?q=5401 -> raw/tg_schematicslaptop_5401
    [page head] '<!DOCTYPE html>\n<html>\n  <head>\n    <meta charset="utf-8">\n    <title>schematics|boardviews| ARCHIVE 💻💻 – Telegram</title>\n    <meta name="viewport" content="width=device-width, initial-scale=1.0, minimum-scale=1.0, maximum-scale=1.0, user-'
    [saved] tg_schematicslaptop_5401/page.html (36789 bytes, sha256 ad9a8014abd095d8…)
    [links] 1 candidates
    [saved] tg_schematicslaptop_5401/dl (6391 bytes)
[PAGE] https://t.me/s/schematicslaptop?q=IPCML -> raw/tg_schematicslaptop_IPCML
    [page head] '<!DOCTYPE html>\n<html>\n  <head>\n    <meta charset="utf-8">\n    <title>schematics|boardviews| ARCHIVE 💻💻 – Telegram</title>\n    <meta name="viewport" content="width=device-width, initial-scale=1.0, minimum-scale=1.0, maximum-scale=1.0, user-'
    [saved] tg_schematicslaptop_IPCML/page.html (25549 bytes, sha256 32ec2a697a5902ee…)
    [links] 1 candidates
    [saved] tg_schematicslaptop_IPCML/dl (6391 bytes)
[PAGE] https://t.me/s/schematicslaptop?q=QUAKEL14 -> raw/tg_schematicslaptop_QUAKEL14
    [page head] '<!DOCTYPE html>\n<html>\n  <head>\n    <meta charset="utf-8">\n    <title>schematics|boardviews| ARCHIVE 💻💻 – Telegram</title>\n    <meta name="viewport" content="width=device-width, initial-scale=1.0, minimum-scale=1.0, maximum-scale=1.0, user-'
    [saved] tg_schematicslaptop_QUAKEL14/page.html (20791 bytes, sha256 4b52f60c9ad780ad…)
    [links] 1 candidates
    [saved] tg_schematicslaptop_QUAKEL14/dl (6391 bytes)
[PAGE] https://t.me/s/schematicslaptop?q=MOCKINGBIRD -> raw/tg_schematicslaptop_MOCKINGBIRD
    [page head] '<!DOCTYPE html>\n<html>\n  <head>\n    <meta charset="utf-8">\n    <title>schematics|boardviews| ARCHIVE 💻💻 – Telegram</title>\n    <meta name="viewport" content="width=device-width, initial-scale=1.0, minimum-scale=1.0, maximum-scale=1.0, user-'
    [saved] tg_schematicslaptop_MOCKINGBIRD/page.html (50430 bytes, sha256 544b0e11a304bb12…)
    [links] 1 candidates
    [saved] tg_schematicslaptop_MOCKINGBIRD/dl (6391 bytes)
[PAGE] https://t.me/s/schematicslaptop?q=CYBORG -> raw/tg_schematicslaptop_CYBORG
    [page head] '<!DOCTYPE html>\n<html>\n  <head>\n    <meta charset="utf-8">\n    <title>schematics|boardviews| ARCHIVE 💻💻 – Telegram</title>\n    <meta name="viewport" content="width=device-width, initial-scale=1.0, minimum-scale=1.0, maximum-scale=1.0, user-'
    [saved] tg_schematicslaptop_CYBORG/page.html (132201 bytes, sha256 eb0be802273bf12a…)
    [links] 1 candidates
    [saved] tg_schematicslaptop_CYBORG/dl (6391 bytes)
[PAGE] https://t.me/s/ithinkhsbios?q=EC -> raw/tg_ithinkhsbios_EC
    [page head] '<!DOCTYPE html>\n<html>\n  <head>\n    <meta charset="utf-8">\n    <title>Telegram: Contact @ithinkhsbios</title>\n    <meta name="viewport" content="width=device-width, initial-scale=1.0">\n    <script>location.hash=\'\'</script>\n    <script>try{i'
    [saved] tg_ithinkhsbios_EC/page.html (9660 bytes, sha256 8623e9e240e604ca…)
    [links] 1 candidates
    [saved] tg_ithinkhsbios_EC/dl (6391 bytes)
[PAGE] https://t.me/s/ithinkhsbios?q=EC%E7%A8%8B%E5%BA%8F -> raw/tg_ithinkhsbios_EC程序
    [page head] '<!DOCTYPE html>\n<html>\n  <head>\n    <meta charset="utf-8">\n    <title>Telegram: Contact @ithinkhsbios</title>\n    <meta name="viewport" content="width=device-width, initial-scale=1.0">\n    <script>location.hash=\'\'</script>\n    <script>try{i'
    [saved] tg_ithinkhsbios_EC程序/page.html (9659 bytes, sha256 d3acd9810ce4fa87…)
    [links] 1 candidates
    [saved] tg_ithinkhsbios_EC程序/dl (6391 bytes)
[PAGE] https://t.me/s/ithinkhsbios?q=MEC1515 -> raw/tg_ithinkhsbios_MEC1515
    [page head] '<!DOCTYPE html>\n<html>\n  <head>\n    <meta charset="utf-8">\n    <title>Telegram: Contact @ithinkhsbios</title>\n    <meta name="viewport" content="width=device-width, initial-scale=1.0">\n    <script>location.hash=\'\'</script>\n    <script>try{i'
    [saved] tg_ithinkhsbios_MEC1515/page.html (9659 bytes, sha256 750ec6e81ba7b3bb…)
    [links] 1 candidates
    [saved] tg_ithinkhsbios_MEC1515/dl (6391 bytes)
[PAGE] https://t.me/s/ithinkhsbios?q=MEC1618 -> raw/tg_ithinkhsbios_MEC1618
    [page head] '<!DOCTYPE html>\n<html>\n  <head>\n    <meta charset="utf-8">\n    <title>Telegram: Contact @ithinkhsbios</title>\n    <meta name="viewport" content="width=device-width, initial-scale=1.0">\n    <script>location.hash=\'\'</script>\n    <script>try{i'
    [saved] tg_ithinkhsbios_MEC1618/page.html (9656 bytes, sha256 8809df679df30f78…)
    [links] 1 candidates
    [saved] tg_ithinkhsbios_MEC1618/dl (6391 bytes)
[PAGE] https://t.me/s/ithinkhsbios?q=MEC1521 -> raw/tg_ithinkhsbios_MEC1521
    [page head] '<!DOCTYPE html>\n<html>\n  <head>\n    <meta charset="utf-8">\n    <title>Telegram: Contact @ithinkhsbios</title>\n    <meta name="viewport" content="width=device-width, initial-scale=1.0">\n    <script>location.hash=\'\'</script>\n    <script>try{i'
    [saved] tg_ithinkhsbios_MEC1521/page.html (9659 bytes, sha256 f8d4a55a0cd9d71f…)
    [links] 1 candidates
    [saved] tg_ithinkhsbios_MEC1521/dl (6391 bytes)
[PAGE] https://t.me/s/ithinkhsbios?q=3090 -> raw/tg_ithinkhsbios_3090
    [page head] '<!DOCTYPE html>\n<html>\n  <head>\n    <meta charset="utf-8">\n    <title>Telegram: Contact @ithinkhsbios</title>\n    <meta name="viewport" content="width=device-width, initial-scale=1.0">\n    <script>location.hash=\'\'</script>\n    <script>try{i'
    [saved] tg_ithinkhsbios_3090/page.html (9659 bytes, sha256 6dc0165b1b07a797…)
    [links] 1 candidates
    [saved] tg_ithinkhsbios_3090/dl (6391 bytes)
[PAGE] https://t.me/s/ithinkhsbios?q=3080 -> raw/tg_ithinkhsbios_3080
    [page head] '<!DOCTYPE html>\n<html>\n  <head>\n    <meta charset="utf-8">\n    <title>Telegram: Contact @ithinkhsbios</title>\n    <meta name="viewport" content="width=device-width, initial-scale=1.0">\n    <script>location.hash=\'\'</script>\n    <script>try{i'
    [saved] tg_ithinkhsbios_3080/page.html (9659 bytes, sha256 aacf9a9d60cd36d3…)
    [links] 1 candidates
    [saved] tg_ithinkhsbios_3080/dl (6391 bytes)
[PAGE] https://t.me/s/ithinkhsbios?q=5080 -> raw/tg_ithinkhsbios_5080
    [page head] '<!DOCTYPE html>\n<html>\n  <head>\n    <meta charset="utf-8">\n    <title>Telegram: Contact @ithinkhsbios</title>\n    <meta name="viewport" content="width=device-width, initial-scale=1.0">\n    <script>location.hash=\'\'</script>\n    <script>try{i'
    [saved] tg_ithinkhsbios_5080/page.html (9659 bytes, sha256 c5cbeaad40a448df…)
    [links] 1 candidates
    [saved] tg_ithinkhsbios_5080/dl (6391 bytes)
[PAGE] https://t.me/s/ithinkhsbios?q=7080 -> raw/tg_ithinkhsbios_7080
    [page head] '<!DOCTYPE html>\n<html>\n  <head>\n    <meta charset="utf-8">\n    <title>Telegram: Contact @ithinkhsbios</title>\n    <meta name="viewport" content="width=device-width, initial-scale=1.0">\n    <script>location.hash=\'\'</script>\n    <script>try{i'
    [saved] tg_ithinkhsbios_7080/page.html (9659 bytes, sha256 e4010f1875a1966e…)
    [links] 1 candidates
    [saved] tg_ithinkhsbios_7080/dl (6392 bytes)
[PAGE] https://t.me/s/ithinkhsbios?q=3410 -> raw/tg_ithinkhsbios_3410
    [page head] '<!DOCTYPE html>\n<html>\n  <head>\n    <meta charset="utf-8">\n    <title>Telegram: Contact @ithinkhsbios</title>\n    <meta name="viewport" content="width=device-width, initial-scale=1.0">\n    <script>location.hash=\'\'</script>\n    <script>try{i'
    [saved] tg_ithinkhsbios_3410/page.html (9658 bytes, sha256 e646a897509cf219…)
    [links] 1 candidates
    [saved] tg_ithinkhsbios_3410/dl (6391 bytes)
[PAGE] https://t.me/s/ithinkhsbios?q=5410 -> raw/tg_ithinkhsbios_5410
    [page head] '<!DOCTYPE html>\n<html>\n  <head>\n    <meta charset="utf-8">\n    <title>Telegram: Contact @ithinkhsbios</title>\n    <meta name="viewport" content="width=device-width, initial-scale=1.0">\n    <script>location.hash=\'\'</script>\n    <script>try{i'
    [saved] tg_ithinkhsbios_5410/page.html (9660 bytes, sha256 07a6fcf0912c756e…)
    [links] 1 candidates
    [saved] tg_ithinkhsbios_5410/dl (6391 bytes)
[PAGE] https://t.me/s/ithinkhsbios?q=5401 -> raw/tg_ithinkhsbios_5401
    [page head] '<!DOCTYPE html>\n<html>\n  <head>\n    <meta charset="utf-8">\n    <title>Telegram: Contact @ithinkhsbios</title>\n    <meta name="viewport" content="width=device-width, initial-scale=1.0">\n    <script>location.hash=\'\'</script>\n    <script>try{i'
    [saved] tg_ithinkhsbios_5401/page.html (9660 bytes, sha256 8164f9808d16f0c5…)
    [links] 1 candidates
    [saved] tg_ithinkhsbios_5401/dl (6391 bytes)
[PAGE] https://t.me/s/ithinkhsbios?q=IPCML -> raw/tg_ithinkhsbios_IPCML
    [page head] '<!DOCTYPE html>\n<html>\n  <head>\n    <meta charset="utf-8">\n    <title>Telegram: Contact @ithinkhsbios</title>\n    <meta name="viewport" content="width=device-width, initial-scale=1.0">\n    <script>location.hash=\'\'</script>\n    <script>try{i'
    [saved] tg_ithinkhsbios_IPCML/page.html (9659 bytes, sha256 4ab0ee248681a4fe…)
    [links] 1 candidates
    [saved] tg_ithinkhsbios_IPCML/dl (6391 bytes)
[PAGE] https://t.me/s/ithinkhsbios?q=QUAKEL14 -> raw/tg_ithinkhsbios_QUAKEL14
    [page head] '<!DOCTYPE html>\n<html>\n  <head>\n    <meta charset="utf-8">\n    <title>Telegram: Contact @ithinkhsbios</title>\n    <meta name="viewport" content="width=device-width, initial-scale=1.0">\n    <script>location.hash=\'\'</script>\n    <script>try{i'
    [saved] tg_ithinkhsbios_QUAKEL14/page.html (9658 bytes, sha256 68e315789f72d35a…)
    [links] 1 candidates
    [saved] tg_ithinkhsbios_QUAKEL14/dl (6391 bytes)
[PAGE] https://t.me/s/ithinkhsbios?q=MOCKINGBIRD -> raw/tg_ithinkhsbios_MOCKINGBIRD
    [page head] '<!DOCTYPE html>\n<html>\n  <head>\n    <meta charset="utf-8">\n    <title>Telegram: Contact @ithinkhsbios</title>\n    <meta name="viewport" content="width=device-width, initial-scale=1.0">\n    <script>location.hash=\'\'</script>\n    <script>try{i'
    [saved] tg_ithinkhsbios_MOCKINGBIRD/page.html (9657 bytes, sha256 c3f01ebc65f60c1c…)
    [links] 1 candidates
    [saved] tg_ithinkhsbios_MOCKINGBIRD/dl (6391 bytes)
[PAGE] https://t.me/s/ithinkhsbios?q=CYBORG -> raw/tg_ithinkhsbios_CYBORG
    [page head] '<!DOCTYPE html>\n<html>\n  <head>\n    <meta charset="utf-8">\n    <title>Telegram: Contact @ithinkhsbios</title>\n    <meta name="viewport" content="width=device-width, initial-scale=1.0">\n    <script>location.hash=\'\'</script>\n    <script>try{i'
    [saved] tg_ithinkhsbios_CYBORG/page.html (9660 bytes, sha256 7747b51fff47909e…)
    [links] 1 candidates
    [saved] tg_ithinkhsbios_CYBORG/dl (6391 bytes)
[PAGE] https://t.me/s/afsbiosfree?q=EC -> raw/tg_afsbiosfree_EC
    [page head] '<!DOCTYPE html>\n<html>\n  <head>\n    <meta charset="utf-8">\n    <title>Telegram: View @afsbiosfree</title>\n    <meta name="viewport" content="width=device-width, initial-scale=1.0">\n    <script>location.hash=\'\'</script>\n    <script>try{if(wi'
    [saved] tg_afsbiosfree_EC/page.html (10948 bytes, sha256 3a798ba92c5c4071…)
    [links] 1 candidates
    [saved] tg_afsbiosfree_EC/dl (6391 bytes)
[PAGE] https://t.me/s/afsbiosfree?q=EC%E7%A8%8B%E5%BA%8F -> raw/tg_afsbiosfree_EC程序
    [page head] '<!DOCTYPE html>\n<html>\n  <head>\n    <meta charset="utf-8">\n    <title>Telegram: View @afsbiosfree</title>\n    <meta name="viewport" content="width=device-width, initial-scale=1.0">\n    <script>location.hash=\'\'</script>\n    <script>try{if(wi'
    [saved] tg_afsbiosfree_EC程序/page.html (10948 bytes, sha256 492e85eab751e21d…)
    [links] 1 candidates
    [saved] tg_afsbiosfree_EC程序/dl (6391 bytes)
[PAGE] https://t.me/s/afsbiosfree?q=MEC1515 -> raw/tg_afsbiosfree_MEC1515
    [page head] '<!DOCTYPE html>\n<html>\n  <head>\n    <meta charset="utf-8">\n    <title>Telegram: View @afsbiosfree</title>\n    <meta name="viewport" content="width=device-width, initial-scale=1.0">\n    <script>location.hash=\'\'</script>\n    <script>try{if(wi'
    [saved] tg_afsbiosfree_MEC1515/page.html (10948 bytes, sha256 2f8cbac72cc04139…)
    [links] 1 candidates
    [saved] tg_afsbiosfree_MEC1515/dl (6391 bytes)
[PAGE] https://t.me/s/afsbiosfree?q=MEC1618 -> raw/tg_afsbiosfree_MEC1618
    [page head] '<!DOCTYPE html>\n<html>\n  <head>\n    <meta charset="utf-8">\n    <title>Telegram: View @afsbiosfree</title>\n    <meta name="viewport" content="width=device-width, initial-scale=1.0">\n    <script>location.hash=\'\'</script>\n    <script>try{if(wi'
    [saved] tg_afsbiosfree_MEC1618/page.html (10948 bytes, sha256 1389e04e2ae22524…)
    [links] 1 candidates
    [saved] tg_afsbiosfree_MEC1618/dl (6391 bytes)
[PAGE] https://t.me/s/afsbiosfree?q=MEC1521 -> raw/tg_afsbiosfree_MEC1521
    [page head] '<!DOCTYPE html>\n<html>\n  <head>\n    <meta charset="utf-8">\n    <title>Telegram: View @afsbiosfree</title>\n    <meta name="viewport" content="width=device-width, initial-scale=1.0">\n    <script>location.hash=\'\'</script>\n    <script>try{if(wi'
    [saved] tg_afsbiosfree_MEC1521/page.html (10949 bytes, sha256 695b5ae17f76a441…)
    [links] 1 candidates
    [saved] tg_afsbiosfree_MEC1521/dl (6391 bytes)
[PAGE] https://t.me/s/afsbiosfree?q=3090 -> raw/tg_afsbiosfree_3090
    [page head] '<!DOCTYPE html>\n<html>\n  <head>\n    <meta charset="utf-8">\n    <title>Telegram: View @afsbiosfree</title>\n    <meta name="viewport" content="width=device-width, initial-scale=1.0">\n    <script>location.hash=\'\'</script>\n    <script>try{if(wi'
    [saved] tg_afsbiosfree_3090/page.html (10949 bytes, sha256 8d8c6517e0ba90ba…)
    [links] 1 candidates
    [saved] tg_afsbiosfree_3090/dl (6391 bytes)
[PAGE] https://t.me/s/afsbiosfree?q=3080 -> raw/tg_afsbiosfree_3080
    [page head] '<!DOCTYPE html>\n<html>\n  <head>\n    <meta charset="utf-8">\n    <title>Telegram: View @afsbiosfree</title>\n    <meta name="viewport" content="width=device-width, initial-scale=1.0">\n    <script>location.hash=\'\'</script>\n    <script>try{if(wi'
    [saved] tg_afsbiosfree_3080/page.html (10949 bytes, sha256 b55881e3ff8563df…)
    [links] 1 candidates
    [saved] tg_afsbiosfree_3080/dl (6391 bytes)
[PAGE] https://t.me/s/afsbiosfree?q=5080 -> raw/tg_afsbiosfree_5080
    [page head] '<!DOCTYPE html>\n<html>\n  <head>\n    <meta charset="utf-8">\n    <title>Telegram: View @afsbiosfree</title>\n    <meta name="viewport" content="width=device-width, initial-scale=1.0">\n    <script>location.hash=\'\'</script>\n    <script>try{if(wi'
    [saved] tg_afsbiosfree_5080/page.html (10948 bytes, sha256 7af74431475bb465…)
    [links] 1 candidates
    [saved] tg_afsbiosfree_5080/dl (6391 bytes)
[PAGE] https://t.me/s/afsbiosfree?q=7080 -> raw/tg_afsbiosfree_7080
    [page head] '<!DOCTYPE html>\n<html>\n  <head>\n    <meta charset="utf-8">\n    <title>Telegram: View @afsbiosfree</title>\n    <meta name="viewport" content="width=device-width, initial-scale=1.0">\n    <script>location.hash=\'\'</script>\n    <script>try{if(wi'
    [saved] tg_afsbiosfree_7080/page.html (10949 bytes, sha256 0b5fc5cefb92fd6d…)
    [links] 1 candidates
    [saved] tg_afsbiosfree_7080/dl (6391 bytes)
[PAGE] https://t.me/s/afsbiosfree?q=3410 -> raw/tg_afsbiosfree_3410
    [page head] '<!DOCTYPE html>\n<html>\n  <head>\n    <meta charset="utf-8">\n    <title>Telegram: View @afsbiosfree</title>\n    <meta name="viewport" content="width=device-width, initial-scale=1.0">\n    <script>location.hash=\'\'</script>\n    <script>try{if(wi'
    [saved] tg_afsbiosfree_3410/page.html (10948 bytes, sha256 525d68c0eac9e359…)
    [links] 1 candidates
    [saved] tg_afsbiosfree_3410/dl (6391 bytes)
[PAGE] https://t.me/s/afsbiosfree?q=5410 -> raw/tg_afsbiosfree_5410
    [page head] '<!DOCTYPE html>\n<html>\n  <head>\n    <meta charset="utf-8">\n    <title>Telegram: View @afsbiosfree</title>\n    <meta name="viewport" content="width=device-width, initial-scale=1.0">\n    <script>location.hash=\'\'</script>\n    <script>try{if(wi'
    [saved] tg_afsbiosfree_5410/page.html (10947 bytes, sha256 b9c07dbc2ef81424…)
    [links] 1 candidates
    [saved] tg_afsbiosfree_5410/dl (6388 bytes)
[PAGE] https://t.me/s/afsbiosfree?q=5401 -> raw/tg_afsbiosfree_5401
    [page head] '<!DOCTYPE html>\n<html>\n  <head>\n    <meta charset="utf-8">\n    <title>Telegram: View @afsbiosfree</title>\n    <meta name="viewport" content="width=device-width, initial-scale=1.0">\n    <script>location.hash=\'\'</script>\n    <script>try{if(wi'
    [saved] tg_afsbiosfree_5401/page.html (10947 bytes, sha256 b22e5715038fd281…)
    [links] 1 candidates
    [saved] tg_afsbiosfree_5401/dl (6390 bytes)
[PAGE] https://t.me/s/afsbiosfree?q=IPCML -> raw/tg_afsbiosfree_IPCML
    [page head] '<!DOCTYPE html>\n<html>\n  <head>\n    <meta charset="utf-8">\n    <title>Telegram: View @afsbiosfree</title>\n    <meta name="viewport" content="width=device-width, initial-scale=1.0">\n    <script>location.hash=\'\'</script>\n    <script>try{if(wi'
    [saved] tg_afsbiosfree_IPCML/page.html (10948 bytes, sha256 c5032a8f65e369f8…)
    [links] 1 candidates
    [saved] tg_afsbiosfree_IPCML/dl (6391 bytes)
[PAGE] https://t.me/s/afsbiosfree?q=QUAKEL14 -> raw/tg_afsbiosfree_QUAKEL14
    [page head] '<!DOCTYPE html>\n<html>\n  <head>\n    <meta charset="utf-8">\n    <title>Telegram: View @afsbiosfree</title>\n    <meta name="viewport" content="width=device-width, initial-scale=1.0">\n    <script>location.hash=\'\'</script>\n    <script>try{if(wi'
    [saved] tg_afsbiosfree_QUAKEL14/page.html (10948 bytes, sha256 bee847bf59260157…)
    [links] 1 candidates
    [saved] tg_afsbiosfree_QUAKEL14/dl (6391 bytes)
[PAGE] https://t.me/s/afsbiosfree?q=MOCKINGBIRD -> raw/tg_afsbiosfree_MOCKINGBIRD
    [page head] '<!DOCTYPE html>\n<html>\n  <head>\n    <meta charset="utf-8">\n    <title>Telegram: View @afsbiosfree</title>\n    <meta name="viewport" content="width=device-width, initial-scale=1.0">\n    <script>location.hash=\'\'</script>\n    <script>try{if(wi'
    [saved] tg_afsbiosfree_MOCKINGBIRD/page.html (10948 bytes, sha256 206d99c795c0aeba…)
    [links] 1 candidates
    [saved] tg_afsbiosfree_MOCKINGBIRD/dl (6391 bytes)
[PAGE] https://t.me/s/afsbiosfree?q=CYBORG -> raw/tg_afsbiosfree_CYBORG
    [page head] '<!DOCTYPE html>\n<html>\n  <head>\n    <meta charset="utf-8">\n    <title>Telegram: View @afsbiosfree</title>\n    <meta name="viewport" content="width=device-width, initial-scale=1.0">\n    <script>location.hash=\'\'</script>\n    <script>try{if(wi'
    [saved] tg_afsbiosfree_CYBORG/page.html (10948 bytes, sha256 97ea8e187f2b47a2…)
    [links] 1 candidates
    [saved] tg_afsbiosfree_CYBORG/dl (6391 bytes)
[PAGE] https://www.badcaps.net/file_search?search=EC -> raw/badcaps_fs_EC
    [page head] '<!DOCTYPE html>\n<html lang="en">\n<head>\n    <meta charset="utf-8">\n    <meta name="viewport" content="width=device-width, initial-scale=1">\n    <title></title>\n    <style>\n        body {\n            font-family: "Arial";\n        }\n    </sty'
    [saved] badcaps_fs_EC/page.html (2387 bytes, sha256 cf0b0dd911030033…)
    [links] 0 candidates
[PAGE] https://www.badcaps.net/file_search?search=EC%E7%A8%8B%E5%BA%8F -> raw/badcaps_fs_EC程序
    [page head] '<!DOCTYPE html>\n<html lang="en">\n<head>\n    <meta charset="utf-8">\n    <meta name="viewport" content="width=device-width, initial-scale=1">\n    <title></title>\n    <style>\n        body {\n            font-family: "Arial";\n        }\n    </sty'
    [saved] badcaps_fs_EC程序/page.html (2387 bytes, sha256 def18d3e26b3fdcb…)
    [links] 0 candidates
[PAGE] https://www.badcaps.net/file_search?search=MEC1515 -> raw/badcaps_fs_MEC1515
    [page head] '<!DOCTYPE html>\n<html lang="en">\n<head>\n    <meta charset="utf-8">\n    <meta name="viewport" content="width=device-width, initial-scale=1">\n    <title></title>\n    <style>\n        body {\n            font-family: "Arial";\n        }\n    </sty'
    [saved] badcaps_fs_MEC1515/page.html (2387 bytes, sha256 bff70c3c45e29a82…)
    [links] 0 candidates
[PAGE] https://www.badcaps.net/file_search?search=MEC1618 -> raw/badcaps_fs_MEC1618
    [page head] '<!DOCTYPE html>\n<html lang="en">\n<head>\n    <meta charset="utf-8">\n    <meta name="viewport" content="width=device-width, initial-scale=1">\n    <title></title>\n    <style>\n        body {\n            font-family: "Arial";\n        }\n    </sty'
    [saved] badcaps_fs_MEC1618/page.html (2387 bytes, sha256 8a5debe3d6d874a2…)
    [links] 0 candidates
[PAGE] https://www.badcaps.net/file_search?search=MEC1521 -> raw/badcaps_fs_MEC1521
    [page head] '<!DOCTYPE html>\n<html lang="en">\n<head>\n    <meta charset="utf-8">\n    <meta name="viewport" content="width=device-width, initial-scale=1">\n    <title></title>\n    <style>\n        body {\n            font-family: "Arial";\n        }\n    </sty'
    [saved] badcaps_fs_MEC1521/page.html (2387 bytes, sha256 1d65919900ac565a…)
    [links] 0 candidates
[PAGE] https://www.badcaps.net/file_search?search=3090 -> raw/badcaps_fs_3090
    [page head] '<!DOCTYPE html>\n<html lang="en">\n<head>\n    <meta charset="utf-8">\n    <meta name="viewport" content="width=device-width, initial-scale=1">\n    <title></title>\n    <style>\n        body {\n            font-family: "Arial";\n        }\n    </sty'
    [saved] badcaps_fs_3090/page.html (2387 bytes, sha256 d8a514d2a6b4a834…)
    [links] 0 candidates
[PAGE] https://www.badcaps.net/file_search?search=3080 -> raw/badcaps_fs_3080
    [page head] '<!DOCTYPE html>\n<html lang="en">\n<head>\n    <meta charset="utf-8">\n    <meta name="viewport" content="width=device-width, initial-scale=1">\n    <title></title>\n    <style>\n        body {\n            font-family: "Arial";\n        }\n    </sty'
    [saved] badcaps_fs_3080/page.html (2387 bytes, sha256 79823d2db931d19a…)
    [links] 0 candidates
[PAGE] https://www.badcaps.net/file_search?search=5080 -> raw/badcaps_fs_5080
    [page head] '<!DOCTYPE html>\n<html lang="en">\n<head>\n    <meta charset="utf-8">\n    <meta name="viewport" content="width=device-width, initial-scale=1">\n    <title></title>\n    <style>\n        body {\n            font-family: "Arial";\n        }\n    </sty'
    [saved] badcaps_fs_5080/page.html (2387 bytes, sha256 e65b9aba7c823fe3…)
    [links] 0 candidates
[PAGE] https://www.badcaps.net/file_search?search=7080 -> raw/badcaps_fs_7080
    [page head] '<!DOCTYPE html>\n<html lang="en">\n<head>\n    <meta charset="utf-8">\n    <meta name="viewport" content="width=device-width, initial-scale=1">\n    <title></title>\n    <style>\n        body {\n            font-family: "Arial";\n        }\n    </sty'
    [saved] badcaps_fs_7080/page.html (2387 bytes, sha256 e25f25a1c284ead7…)
    [links] 0 candidates
[PAGE] https://www.badcaps.net/file_search?search=3410 -> raw/badcaps_fs_3410
    [page head] '<!DOCTYPE html>\n<html lang="en">\n<head>\n    <meta charset="utf-8">\n    <meta name="viewport" content="width=device-width, initial-scale=1">\n    <title></title>\n    <style>\n        body {\n            font-family: "Arial";\n        }\n    </sty'
    [saved] badcaps_fs_3410/page.html (2387 bytes, sha256 1d780c7dd9850e88…)
    [links] 0 candidates
[PAGE] https://www.badcaps.net/file_search?search=5410 -> raw/badcaps_fs_5410
    [page head] '<!DOCTYPE html>\n<html lang="en">\n<head>\n    <meta charset="utf-8">\n    <meta name="viewport" content="width=device-width, initial-scale=1">\n    <title></title>\n    <style>\n        body {\n            font-family: "Arial";\n        }\n    </sty'
    [saved] badcaps_fs_5410/page.html (2387 bytes, sha256 de4c1d55c095835d…)
    [links] 0 candidates
[PAGE] https://www.badcaps.net/file_search?search=5401 -> raw/badcaps_fs_5401
    [page head] '<!DOCTYPE html>\n<html lang="en">\n<head>\n    <meta charset="utf-8">\n    <meta name="viewport" content="width=device-width, initial-scale=1">\n    <title></title>\n    <style>\n        body {\n            font-family: "Arial";\n        }\n    </sty'
    [saved] badcaps_fs_5401/page.html (2387 bytes, sha256 9c8bc0a86aed435c…)
    [links] 0 candidates
[PAGE] https://www.badcaps.net/file_search?search=IPCML -> raw/badcaps_fs_IPCML
    [page head] '<!DOCTYPE html>\n<html lang="en">\n<head>\n    <meta charset="utf-8">\n    <meta name="viewport" content="width=device-width, initial-scale=1">\n    <title></title>\n    <style>\n        body {\n            font-family: "Arial";\n        }\n    </sty'
    [saved] badcaps_fs_IPCML/page.html (2387 bytes, sha256 605872b8a61736e6…)
    [links] 0 candidates
[PAGE] https://www.badcaps.net/file_search?search=QUAKEL14 -> raw/badcaps_fs_QUAKEL14
    [page head] '<!DOCTYPE html>\n<html lang="en">\n<head>\n    <meta charset="utf-8">\n    <meta name="viewport" content="width=device-width, initial-scale=1">\n    <title></title>\n    <style>\n        body {\n            font-family: "Arial";\n        }\n    </sty'
    [saved] badcaps_fs_QUAKEL14/page.html (2387 bytes, sha256 8ab575ccb726ed1f…)
    [links] 0 candidates
[PAGE] https://www.badcaps.net/file_search?search=MOCKINGBIRD -> raw/badcaps_fs_MOCKINGBIRD
    [page head] '<!DOCTYPE html>\n<html lang="en">\n<head>\n    <meta charset="utf-8">\n    <meta name="viewport" content="width=device-width, initial-scale=1">\n    <title></title>\n    <style>\n        body {\n            font-family: "Arial";\n        }\n    </sty'
    [saved] badcaps_fs_MOCKINGBIRD/page.html (2387 bytes, sha256 cd5858e6e81bc64f…)
    [links] 0 candidates
[PAGE] https://www.badcaps.net/file_search?search=CYBORG -> raw/badcaps_fs_CYBORG
    [page head] '<!DOCTYPE html>\n<html lang="en">\n<head>\n    <meta charset="utf-8">\n    <meta name="viewport" content="width=device-width, initial-scale=1">\n    <title></title>\n    <style>\n        body {\n            font-family: "Arial";\n        }\n    </sty'
    [saved] badcaps_fs_CYBORG/page.html (2387 bytes, sha256 1fcfb61fe531aa04…)
    [links] 0 candidates
[PAGE] https://archive.org/advancedsearch.php?q=%28%22EC%E7%A8%8B%E5%BA%8F%22%20OR%20%22EC%20dump%22%20OR%20MEC1515%20OR%20MEC1618%29%20dell&fl%5B%5D=identifier&fl%5B%5D=title&rows=50&output=json -> raw/archive_ec_dell
    [page head] '{"responseHeader":{"status":0,"QTime":75,"params":{"query":"((text:EC\\u7a0b\\u5e8f OR text:EC\\u7a0b\\u5e8f OR text__reviews:EC\\u7a0b\\u5e8f) OR (text:&quot;EC dump&quot; OR text:&quot;EC dump&quot; OR text__reviews:&quot;EC dump&quot;) OR (tex'
    [saved] archive_ec_dell/page.html (594 bytes, sha256 228ca8ba4440ae92…)
    [links] 0 candidates
[EXTRACT-PASS] Latitude_3410_ECfolder
[EXTRACT-PASS] Latitude_3410_ECfolder_page
[EXTRACT-PASS] Latitude_3410_arctic
[EXTRACT-PASS] Latitude_3410_arctic2
[EXTRACT-PASS] Latitude_3410_arctic2_b
[EXTRACT-PASS] Latitude_3410_arctic_b
[EXTRACT-PASS] Latitude_3410_comments
[EXTRACT-PASS] Latitude_3410_comments_b
[EXTRACT-PASS] Latitude_3410_dellpkg_1133
[EXTRACT-PASS] Latitude_3410_drive_child1
[EXTRACT-PASS] Latitude_3410_drive_child2
[EXTRACT-PASS] Latitude_3410_jina
[EXTRACT-PASS] Latitude_3410_old_json
[EXTRACT-PASS] Latitude_3410_old_json_b
[EXTRACT-PASS] Latitude_3410_pkg141
[EXTRACT-PASS] Latitude_3410_pkg160
[EXTRACT-PASS] Latitude_3410_pullpush
[EXTRACT-PASS] Latitude_3410_pullpush_b
[EXTRACT-PASS] Latitude_3410_reddit
[EXTRACT-PASS] Latitude_3410_reddit_b
[EXTRACT-PASS] Latitude_3410_reddit_json
[EXTRACT-PASS] Latitude_3410_reddit_json_b
[EXTRACT-PASS] Latitude_3410_redlib
[EXTRACT-PASS] Latitude_3410_uploadfiles
[EXTRACT-PASS] Latitude_3410_wayback
[EXTRACT-PASS] Latitude_3410_wayback_b
[EXTRACT-PASS] Latitude_3410_youtube
[EXTRACT-PASS] Latitude_3410_yt_free
[EXTRACT-PASS] Latitude_3420_pkg1133
[EXTRACT-PASS] Latitude_3440_QUAKEL14
[EXTRACT-PASS] Latitude_3440_QUAKEL14_feed
[EXTRACT-PASS] Latitude_3440_QUAKEL14_wb
[EXTRACT-PASS] Latitude_5410_LA-J371P
[EXTRACT-PASS] Latitude_5410_LA-J371P_feed
[EXTRACT-PASS] Latitude_5410_LA-J371P_wb
[EXTRACT-PASS] OptiPlex_3070_IPCFL
[EXTRACT-PASS] OptiPlex_3090_indiafix
[EXTRACT-PASS] OptiPlex_3090_indiafix_feed
[EXTRACT-PASS] OptiPlex_3090_indiafix_wb
[EXTRACT-PASS] OptiPlex_7070_BISON
[EXTRACT-PASS] OptiPlex_7070_Micro_IPCFL
[EXTRACT-PASS] alisaler_3410
[EXTRACT-PASS] alisaler_5430
[EXTRACT-PASS] alisaler_7430
[EXTRACT-PASS] archive_ec_dell
[EXTRACT-PASS] as_author_cleanbed
[EXTRACT-PASS] as_dell_posts_8fc8_r2
[EXTRACT-PASS] as_dell_pwis
[EXTRACT-PASS] badcaps_3080_85841
[EXTRACT-PASS] badcaps_3090_3217350
[EXTRACT-PASS] badcaps_3090_3539267
[EXTRACT-PASS] badcaps_3090_98981
[EXTRACT-PASS] badcaps_3090_98981_p4
[EXTRACT-PASS] badcaps_3090_98981_watch
[EXTRACT-PASS] badcaps_ec
[EXTRACT-PASS] badcaps_fs_3080
[EXTRACT-PASS] badcaps_fs_3090
[EXTRACT-PASS] badcaps_fs_3410
[EXTRACT-PASS] badcaps_fs_5080
[EXTRACT-PASS] badcaps_fs_5401
[EXTRACT-PASS] badcaps_fs_5410
[EXTRACT-PASS] badcaps_fs_7080
[EXTRACT-PASS] badcaps_fs_CYBORG
[EXTRACT-PASS] badcaps_fs_EC
[EXTRACT-PASS] badcaps_fs_EC程序
[EXTRACT-PASS] badcaps_fs_IPCML
[EXTRACT-PASS] badcaps_fs_MEC1515
[EXTRACT-PASS] badcaps_fs_MEC1521
[EXTRACT-PASS] badcaps_fs_MEC1618
[EXTRACT-PASS] badcaps_fs_MOCKINGBIRD
[EXTRACT-PASS] badcaps_fs_QUAKEL14
[EXTRACT-PASS] biosfix_8fc8_53041
[EXTRACT-PASS] dell_3070_144
[EXTRACT-PASS] dell_3080_rcv
[EXTRACT-PASS] dell_3410_120
[EXTRACT-PASS] dell_3410_1360
[EXTRACT-PASS] dell_3420_1440
[EXTRACT-PASS] dell_3420_1470
[EXTRACT-PASS] dell_5x10_111
[EXTRACT-PASS] drbios_3090_59046
[EXTRACT-PASS] drbios_3090_61941
[EXTRACT-PASS] drbios_3090_68894
[EXTRACT-PASS] drbios_3410
[EXTRACT-PASS] ec_tools
[EXTRACT-PASS] elvikom_3090_schematic
[EXTRACT-PASS] fwupd_cabs
[EXTRACT-PASS] fwupd_meta
[EXTRACT-PASS] indiafix_3090_212037_wb
[EXTRACT-PASS] indiafix_3410_19709
[EXTRACT-PASS] indiafix_3410_wayback
[EXTRACT-PASS] inspiron_vostro_5x01
[EXTRACT-PASS] mediafire_3410
[EXTRACT-PASS] mediafire_3410_page
[EXTRACT-PASS] misc
[EXTRACT-PASS] piernov_mec_jtag_article
[EXTRACT-PASS] pkbiosfix_3410_565
[EXTRACT-PASS] reddit_1iq6vuq_comments
[EXTRACT-PASS] reddit_1iq6vuq_comments_r2
[EXTRACT-PASS] reddit_1mni7p9_comments
[EXTRACT-PASS] reddit_1mni7p9_comments_r2
[EXTRACT-PASS] reddit_1mni7p9_post
[EXTRACT-PASS] reddit_1v09bt9_comments
[EXTRACT-PASS] reddit_1vx52jo_comments
[EXTRACT-PASS] reddit_iks99h_comments
[EXTRACT-PASS] repairlap_3410
[EXTRACT-PASS] tg_3090
[EXTRACT-PASS] tg_3090_msg23340
[EXTRACT-PASS] tg_3410
[EXTRACT-PASS] tg_3410_embed13724
[EXTRACT-PASS] tg_3410_msg13723
[EXTRACT-PASS] tg_3410_msg13724
[EXTRACT-PASS] tg_afsbiosfree_3080
[EXTRACT-PASS] tg_afsbiosfree_3090
[EXTRACT-PASS] tg_afsbiosfree_3410
[EXTRACT-PASS] tg_afsbiosfree_5080
[EXTRACT-PASS] tg_afsbiosfree_5401
[EXTRACT-PASS] tg_afsbiosfree_5410
[EXTRACT-PASS] tg_afsbiosfree_7080
[EXTRACT-PASS] tg_afsbiosfree_CYBORG
[EXTRACT-PASS] tg_afsbiosfree_EC
[EXTRACT-PASS] tg_afsbiosfree_EC程序
[EXTRACT-PASS] tg_afsbiosfree_IPCML
[EXTRACT-PASS] tg_afsbiosfree_MEC1515
[EXTRACT-PASS] tg_afsbiosfree_MEC1521
[EXTRACT-PASS] tg_afsbiosfree_MEC1618
[EXTRACT-PASS] tg_afsbiosfree_MOCKINGBIRD
[EXTRACT-PASS] tg_afsbiosfree_QUAKEL14
[EXTRACT-PASS] tg_biosarchive_3080
[EXTRACT-PASS] tg_biosarchive_3090
[EXTRACT-PASS] tg_biosarchive_3410
[EXTRACT-PASS] tg_biosarchive_5080
[EXTRACT-PASS] tg_biosarchive_5401
[EXTRACT-PASS] tg_biosarchive_5410
[EXTRACT-PASS] tg_biosarchive_7080
[EXTRACT-PASS] tg_biosarchive_CYBORG
[EXTRACT-PASS] tg_biosarchive_EC
[EXTRACT-PASS] tg_biosarchive_EC程序
[EXTRACT-PASS] tg_biosarchive_IPCML
[EXTRACT-PASS] tg_biosarchive_MEC1515
[EXTRACT-PASS] tg_biosarchive_MEC1521
[EXTRACT-PASS] tg_biosarchive_MEC1618
[EXTRACT-PASS] tg_biosarchive_MOCKINGBIRD
[EXTRACT-PASS] tg_biosarchive_QUAKEL14
[EXTRACT-PASS] tg_biosarchive_ec
[EXTRACT-PASS] tg_biosarchive_rt809
[EXTRACT-PASS] tg_ithinkhsbios_3080
[EXTRACT-PASS] tg_ithinkhsbios_3090
[EXTRACT-PASS] tg_ithinkhsbios_3410
[EXTRACT-PASS] tg_ithinkhsbios_5080
[EXTRACT-PASS] tg_ithinkhsbios_5401
[EXTRACT-PASS] tg_ithinkhsbios_5410
[EXTRACT-PASS] tg_ithinkhsbios_7080
[EXTRACT-PASS] tg_ithinkhsbios_CYBORG
[EXTRACT-PASS] tg_ithinkhsbios_EC
[EXTRACT-PASS] tg_ithinkhsbios_EC程序
[EXTRACT-PASS] tg_ithinkhsbios_IPCML
[EXTRACT-PASS] tg_ithinkhsbios_MEC1515
[EXTRACT-PASS] tg_ithinkhsbios_MEC1521
[EXTRACT-PASS] tg_ithinkhsbios_MEC1618
[EXTRACT-PASS] tg_ithinkhsbios_MOCKINGBIRD
[EXTRACT-PASS] tg_ithinkhsbios_QUAKEL14
[EXTRACT-PASS] tg_schematicslaptop_3080
[EXTRACT-PASS] tg_schematicslaptop_3090
[EXTRACT-PASS] tg_schematicslaptop_3410
[EXTRACT-PASS] tg_schematicslaptop_5080
[EXTRACT-PASS] tg_schematicslaptop_5401
[EXTRACT-PASS] tg_schematicslaptop_5410
[EXTRACT-PASS] tg_schematicslaptop_7080
[EXTRACT-PASS] tg_schematicslaptop_CYBORG
[EXTRACT-PASS] tg_schematicslaptop_EC
[EXTRACT-PASS] tg_schematicslaptop_EC程序
[EXTRACT-PASS] tg_schematicslaptop_IPCML
[EXTRACT-PASS] tg_schematicslaptop_MEC1515
[EXTRACT-PASS] tg_schematicslaptop_MEC1521
[EXTRACT-PASS] tg_schematicslaptop_MEC1618
[EXTRACT-PASS] tg_schematicslaptop_MOCKINGBIRD
[EXTRACT-PASS] tg_schematicslaptop_QUAKEL14
[EXTRACT-PASS] tgbiosarchive_watch
[EXTRACT-PASS] vinafix_3090_45618
[EXTRACT-PASS] vinafix_3090_45618_watch
[EXTRACT-PASS] vinafix_3410
[EXTRACT-PASS] vinafix_3410_thread
[EXTRACT-PASS] vinafix_wayback_19746
[EXTRACT-PASS] vinafix_wayback_8mb
[EXTRACT-PASS] yt_seller_jmW789IwJEI
done
