=== /tmp/keep/ifix_05.rar ===

7-Zip 23.01 (x64) : Copyright (c) 1999-2023 Igor Pavlov : 2023-06-20
 64-bit locale=C.UTF-8 Threads:4 OPEN_MAX:65536

Scanning the drive for archives:
1 file, 759115 bytes (742 KiB)

Extracting archive: /tmp/keep/ifix_05.rar
--
Path = /tmp/keep/ifix_05.rar
Type = Rar5
Physical Size = 759115
Solid = -
Blocks = 1
Encrypted = -
Multivolume = -
Volumes = 1

Everything is Ok

Size:       797781
Compressed: 759115
=== /tmp/keep/ifix_06.rar ===

7-Zip 23.01 (x64) : Copyright (c) 1999-2023 Igor Pavlov : 2023-06-20
 64-bit locale=C.UTF-8 Threads:4 OPEN_MAX:65536

Scanning the drive for archives:
1 file, 14045050 bytes (14 MiB)

Extracting archive: /tmp/keep/ifix_06.rar
--
Path = /tmp/keep/ifix_06.rar
Type = Rar5
Physical Size = 14045050
Characteristics = Solid Lock
Solid = +
Blocks = 1
Encrypted = -
Multivolume = -
Volumes = 1

Everything is Ok

Folders: 2
Files: 64
Size:       59353660
Compressed: 14045050
=== /tmp/keep/ifix_07.rar ===

7-Zip 23.01 (x64) : Copyright (c) 1999-2023 Igor Pavlov : 2023-06-20
 64-bit locale=C.UTF-8 Threads:4 OPEN_MAX:65536

Scanning the drive for archives:
1 file, 31185817 bytes (30 MiB)

Extracting archive: /tmp/keep/ifix_07.rar
--
Path = /tmp/keep/ifix_07.rar
Type = Rar5
Physical Size = 31185817
Characteristics = Solid Lock
Solid = +
Blocks = 1
Encrypted = -
Multivolume = -
Volumes = 1

Everything is Ok

Folders: 2
Files: 87
Size:       398880768
Compressed: 31185817
=== /tmp/keep/ifix_09.rar ===

7-Zip 23.01 (x64) : Copyright (c) 1999-2023 Igor Pavlov : 2023-06-20
 64-bit locale=C.UTF-8 Threads:4 OPEN_MAX:65536

Scanning the drive for archives:
1 file, 1398809 bytes (1367 KiB)

Extracting archive: /tmp/keep/ifix_09.rar
--
Path = /tmp/keep/ifix_09.rar
Type = Rar
Physical Size = 1398809
Solid = -
Blocks = 1
Multivolume = -
Volumes = 1

Everything is Ok

Size:       1455642
Compressed: 1398809
=== /tmp/keep/ifix_18.rar ===

7-Zip 23.01 (x64) : Copyright (c) 1999-2023 Igor Pavlov : 2023-06-20
 64-bit locale=C.UTF-8 Threads:4 OPEN_MAX:65536

Scanning the drive for archives:
1 file, 788661 bytes (771 KiB)

Extracting archive: /tmp/keep/ifix_18.rar
--
Path = /tmp/keep/ifix_18.rar
Type = Rar
Physical Size = 788661
Solid = -
Blocks = 1
Multivolume = -
Volumes = 1

Everything is Ok

Size:       821369
Compressed: 788661
=== /tmp/keep/ifix_24.zip ===

7-Zip 23.01 (x64) : Copyright (c) 1999-2023 Igor Pavlov : 2023-06-20
 64-bit locale=C.UTF-8 Threads:4 OPEN_MAX:65536

Scanning the drive for archives:
1 file, 494881 bytes (484 KiB)

Extracting archive: /tmp/keep/ifix_24.zip
--
Path = /tmp/keep/ifix_24.zip
Type = zip
Physical Size = 494881

Everything is Ok

Size:       517696
Compressed: 494881
=== /tmp/keep/ifix_25.rar ===

7-Zip 23.01 (x64) : Copyright (c) 1999-2023 Igor Pavlov : 2023-06-20
 64-bit locale=C.UTF-8 Threads:4 OPEN_MAX:65536

Scanning the drive for archives:
1 file, 1228046 bytes (1200 KiB)

Extracting archive: /tmp/keep/ifix_25.rar
--
Path = /tmp/keep/ifix_25.rar
Type = Rar
Physical Size = 1228046
Solid = -
Blocks = 1
Multivolume = -
Volumes = 1

Everything is Ok

Size:       1252373
Compressed: 1228046
=== /tmp/keep/ifix_26.rar ===

7-Zip 23.01 (x64) : Copyright (c) 1999-2023 Igor Pavlov : 2023-06-20
 64-bit locale=C.UTF-8 Threads:4 OPEN_MAX:65536

Scanning the drive for archives:
1 file, 967574 bytes (945 KiB)

Extracting archive: /tmp/keep/ifix_26.rar
--
Path = /tmp/keep/ifix_26.rar
Type = Rar
Physical Size = 967574
Solid = -
Blocks = 1
Multivolume = -
Volumes = 1

Everything is Ok

Size:       1027654
Compressed: 967574
=== /tmp/keep/ifix_30.rar ===

7-Zip 23.01 (x64) : Copyright (c) 1999-2023 Igor Pavlov : 2023-06-20
 64-bit locale=C.UTF-8 Threads:4 OPEN_MAX:65536

Scanning the drive for archives:
1 file, 1688480 bytes (1649 KiB)

Extracting archive: /tmp/keep/ifix_30.rar
--
Path = /tmp/keep/ifix_30.rar
Type = Rar
Physical Size = 1688480
Solid = -
Blocks = 1
Multivolume = -
Volumes = 1

Everything is Ok

Size:       1800025
Compressed: 1688480
=== /tmp/keep/ifix_31.rar ===

7-Zip 23.01 (x64) : Copyright (c) 1999-2023 Igor Pavlov : 2023-06-20
 64-bit locale=C.UTF-8 Threads:4 OPEN_MAX:65536

Scanning the drive for archives:
1 file, 764408 bytes (747 KiB)

Extracting archive: /tmp/keep/ifix_31.rar
--
Path = /tmp/keep/ifix_31.rar
Type = Rar
Physical Size = 764408
Solid = -
Blocks = 40
Multivolume = -
Volumes = 1

Everything is Ok

Folders: 6
Files: 34
Size:       5784175
Compressed: 764408
=== /tmp/keep/ifix_33.rar ===

7-Zip 23.01 (x64) : Copyright (c) 1999-2023 Igor Pavlov : 2023-06-20
 64-bit locale=C.UTF-8 Threads:4 OPEN_MAX:65536

Scanning the drive for archives:
1 file, 1376964 bytes (1345 KiB)

Extracting archive: /tmp/keep/ifix_33.rar
--
Path = /tmp/keep/ifix_33.rar
Type = Rar
Physical Size = 1376964
Solid = -
Blocks = 1
Multivolume = -
Volumes = 1

Everything is Ok

Size:       1427083
Compressed: 1376964
=== /tmp/keep/ifix_34.rar ===

7-Zip 23.01 (x64) : Copyright (c) 1999-2023 Igor Pavlov : 2023-06-20
 64-bit locale=C.UTF-8 Threads:4 OPEN_MAX:65536

Scanning the drive for archives:
1 file, 5436503 bytes (5310 KiB)

Extracting archive: /tmp/keep/ifix_34.rar
--
Path = /tmp/keep/ifix_34.rar
Type = Rar5
Physical Size = 5436503
Solid = -
Blocks = 55
Encrypted = -
Multivolume = -
Volumes = 1

Everything is Ok

Folders: 7
Files: 48
Size:       11337168
Compressed: 5436503
=== /tmp/keep/ifix_38.rar ===

7-Zip 23.01 (x64) : Copyright (c) 1999-2023 Igor Pavlov : 2023-06-20
 64-bit locale=C.UTF-8 Threads:4 OPEN_MAX:65536

Scanning the drive for archives:
1 file, 570264 bytes (557 KiB)

Extracting archive: /tmp/keep/ifix_38.rar
--
Path = /tmp/keep/ifix_38.rar
Type = Rar
Physical Size = 570264
Solid = -
Blocks = 1
Multivolume = -
Volumes = 1

Everything is Ok

Size:       591722
Compressed: 570264
=== /tmp/keep/ifix_40.zip ===

7-Zip 23.01 (x64) : Copyright (c) 1999-2023 Igor Pavlov : 2023-06-20
 64-bit locale=C.UTF-8 Threads:4 OPEN_MAX:65536

Scanning the drive for archives:
1 file, 1575334 bytes (1539 KiB)

Extracting archive: /tmp/keep/ifix_40.zip
--
Path = /tmp/keep/ifix_40.zip
Type = zip
Physical Size = 1575334

Everything is Ok

Folders: 9
Files: 113
Size:       11644492
Compressed: 1575334
=== /tmp/keep/ifix_41.rar ===

7-Zip 23.01 (x64) : Copyright (c) 1999-2023 Igor Pavlov : 2023-06-20
 64-bit locale=C.UTF-8 Threads:4 OPEN_MAX:65536

Scanning the drive for archives:
1 file, 1765018 bytes (1724 KiB)

Extracting archive: /tmp/keep/ifix_41.rar
--
Path = /tmp/keep/ifix_41.rar
Type = Rar
Physical Size = 1765018
Solid = -
Blocks = 1
Multivolume = -
Volumes = 1

Everything is Ok

Size:       1808710
Compressed: 1765018
=== /tmp/keep/ifix_42.rar ===

7-Zip 23.01 (x64) : Copyright (c) 1999-2023 Igor Pavlov : 2023-06-20
 64-bit locale=C.UTF-8 Threads:4 OPEN_MAX:65536

Scanning the drive for archives:
1 file, 479282 bytes (469 KiB)

Extracting archive: /tmp/keep/ifix_42.rar
--
Path = /tmp/keep/ifix_42.rar
Type = Rar5
Physical Size = 479282
Characteristics = Solid
Solid = +
Blocks = 1
Encrypted = -
Multivolume = -
Volumes = 1
Comment = 
{
ASRock 990FX Extreme9 boardview (*.fz)
rev: 1.04 (70-MXGPB0-A01)
}

Everything is Ok

Size:       504151
Compressed: 479282
=== /tmp/keep/ifix_50.rar ===

7-Zip 23.01 (x64) : Copyright (c) 1999-2023 Igor Pavlov : 2023-06-20
 64-bit locale=C.UTF-8 Threads:4 OPEN_MAX:65536

Scanning the drive for archives:
1 file, 1341483 bytes (1311 KiB)

Extracting archive: /tmp/keep/ifix_50.rar
--
Path = /tmp/keep/ifix_50.rar
Type = Rar
Physical Size = 1341483
Solid = -
Blocks = 2
Multivolume = -
Volumes = 1

Everything is Ok

Files: 2
Size:       1399975
Compressed: 1341483
=== /tmp/keep/ifix_52.rar ===

7-Zip 23.01 (x64) : Copyright (c) 1999-2023 Igor Pavlov : 2023-06-20
 64-bit locale=C.UTF-8 Threads:4 OPEN_MAX:65536

Scanning the drive for archives:
1 file, 653464 bytes (639 KiB)

Extracting archive: /tmp/keep/ifix_52.rar
--
Path = /tmp/keep/ifix_52.rar
Type = Rar
Physical Size = 653464
Solid = -
Blocks = 1
Multivolume = -
Volumes = 1

Everything is Ok

Size:       755603
Compressed: 653464
=== /tmp/keep/ifix_54.rar ===

7-Zip 23.01 (x64) : Copyright (c) 1999-2023 Igor Pavlov : 2023-06-20
 64-bit locale=C.UTF-8 Threads:4 OPEN_MAX:65536

Scanning the drive for archives:
1 file, 24345551 bytes (24 MiB)

Extracting archive: /tmp/keep/ifix_54.rar
--
Path = /tmp/keep/ifix_54.rar
Type = Rar5
Physical Size = 24345551
Characteristics = Solid Lock
Solid = +
Blocks = 1
Encrypted = -
Multivolume = -
Volumes = 1

Everything is Ok

Folders: 2
Files: 100
Size:       322468928
Compressed: 24345551
=== /tmp/keep/ifix_55.rar ===

7-Zip 23.01 (x64) : Copyright (c) 1999-2023 Igor Pavlov : 2023-06-20
 64-bit locale=C.UTF-8 Threads:4 OPEN_MAX:65536

Scanning the drive for archives:
1 file, 911848 bytes (891 KiB)

Extracting archive: /tmp/keep/ifix_55.rar
--
Path = /tmp/keep/ifix_55.rar
Type = Rar
Physical Size = 911848
Solid = -
Blocks = 1
Multivolume = -
Volumes = 1

Everything is Ok

Size:       964611
Compressed: 911848
=== /tmp/keep/ifix_56.rar ===

7-Zip 23.01 (x64) : Copyright (c) 1999-2023 Igor Pavlov : 2023-06-20
 64-bit locale=C.UTF-8 Threads:4 OPEN_MAX:65536

Scanning the drive for archives:
1 file, 1262561 bytes (1233 KiB)

Extracting archive: /tmp/keep/ifix_56.rar
--
Path = /tmp/keep/ifix_56.rar
Type = Rar
Physical Size = 1262561
Solid = -
Blocks = 1
Multivolume = -
Volumes = 1

Everything is Ok

Size:       1346817
Compressed: 1262561
=== /tmp/keep/ifix_58.rar ===

7-Zip 23.01 (x64) : Copyright (c) 1999-2023 Igor Pavlov : 2023-06-20
 64-bit locale=C.UTF-8 Threads:4 OPEN_MAX:65536

Scanning the drive for archives:
1 file, 666565 bytes (651 KiB)

Extracting archive: /tmp/keep/ifix_58.rar
--
Path = /tmp/keep/ifix_58.rar
Type = Rar
Physical Size = 666565
Solid = -
Blocks = 1
Multivolume = -
Volumes = 1

Everything is Ok

Size:       714176
Compressed: 666565
=== /tmp/keep/ifix_60.rar ===

7-Zip 23.01 (x64) : Copyright (c) 1999-2023 Igor Pavlov : 2023-06-20
 64-bit locale=C.UTF-8 Threads:4 OPEN_MAX:65536

Scanning the drive for archives:
1 file, 1367876 bytes (1336 KiB)

Extracting archive: /tmp/keep/ifix_60.rar
--
Path = /tmp/keep/ifix_60.rar
Type = Rar
Physical Size = 1367876
Solid = -
Blocks = 1
Multivolume = -
Volumes = 1

Everything is Ok

Size:       1428510
Compressed: 1367876
7843840 /tmp/ex/ifix_07/Intel ME 8 Firmware Repository Pack r11/Other/8.1.65.1586_5MB_PRE_RGN.bin
7843840 /tmp/ex/ifix_07/Intel ME 8 Firmware Repository Pack r11/Other/8.1.52.1496_5MB_PRE_RGN.bin
7843840 /tmp/ex/ifix_07/Intel ME 8 Firmware Repository Pack r11/Other/8.1.20.1336_5MB_PRE_RGN.bin
7843840 /tmp/ex/ifix_07/Intel ME 8 Firmware Repository Pack r11/Other/8.1.2.1318_5MB_PRE_RGN.bin
7843840 /tmp/ex/ifix_07/Intel ME 8 Firmware Repository Pack r11/Other/8.1.10.1286_5MB_PRE_RGN.bin
7843840 /tmp/ex/ifix_07/Intel ME 8 Firmware Repository Pack r11/Other/8.1.0.1265_5MB_PRE_RGN.bin
7843840 /tmp/ex/ifix_07/Intel ME 8 Firmware Repository Pack r11/Other/8.1.0.1220_5MB_PRE_RGN.bin
7843840 /tmp/ex/ifix_07/Intel ME 8 Firmware Repository Pack r11/Other/8.1.0.1143_5MB_PRE_RGN.bin
7843840 /tmp/ex/ifix_07/Intel ME 8 Firmware Repository Pack r11/Other/8.0.0.1178_5MB_PRE_RGN.bin
7843840 /tmp/ex/ifix_07/Intel ME 8 Firmware Repository Pack r11/8.1.70.1590_5MB_PRD_RGN.bin
7843840 /tmp/ex/ifix_07/Intel ME 8 Firmware Repository Pack r11/8.1.65.1586_5MB_PRD_RGN.bin
7843840 /tmp/ex/ifix_07/Intel ME 8 Firmware Repository Pack r11/8.1.60.1561_5MB_PRD_RGN.bin
7843840 /tmp/ex/ifix_07/Intel ME 8 Firmware Repository Pack r11/8.1.57.1556_5MB_PRD_RGN.bin
7843840 /tmp/ex/ifix_07/Intel ME 8 Firmware Repository Pack r11/8.1.55.1506_5MB_PRD_RGN.bin
7843840 /tmp/ex/ifix_07/Intel ME 8 Firmware Repository Pack r11/8.1.52.1496_5MB_PRD_RGN.bin
7843840 /tmp/ex/ifix_07/Intel ME 8 Firmware Repository Pack r11/8.1.51.1471_5MB_PRD_RGN.bin
7843840 /tmp/ex/ifix_07/Intel ME 8 Firmware Repository Pack r11/8.1.50.1456_5MB_PRD_RGN.bin
7843840 /tmp/ex/ifix_07/Intel ME 8 Firmware Repository Pack r11/8.1.40.1416_5MB_PRD_RGN.bin
7843840 /tmp/ex/ifix_07/Intel ME 8 Firmware Repository Pack r11/8.1.31.1351_5MB_PRD_RGN.bin
7843840 /tmp/ex/ifix_07/Intel ME 8 Firmware Repository Pack r11/8.1.30.1350_5MB_PRD_RGN.bin
7843840 /tmp/ex/ifix_07/Intel ME 8 Firmware Repository Pack r11/8.1.20.1336_5MB_PRD_RGN.bin
7843840 /tmp/ex/ifix_07/Intel ME 8 Firmware Repository Pack r11/8.1.2.1318_5MB_PRD_RGN.bin
7843840 /tmp/ex/ifix_07/Intel ME 8 Firmware Repository Pack r11/8.1.10.1286_5MB_PRD_RGN.bin
7843840 /tmp/ex/ifix_07/Intel ME 8 Firmware Repository Pack r11/8.1.0.1265_5MB_PRD_RGN.bin
7843840 /tmp/ex/ifix_07/Intel ME 8 Firmware Repository Pack r11/8.1.0.1220_5MB_PRD_RGN.bin
7843840 /tmp/ex/ifix_07/Intel ME 8 Firmware Repository Pack r11/8.1.0.1143_5MB_PRD_RGN.bin
7843840 /tmp/ex/ifix_07/Intel ME 8 Firmware Repository Pack r11/8.0.0.1178_5MB_PRD_RGN.bin
6385664 /tmp/ex/ifix_07/Intel ME 8 Firmware Repository Pack r11/Other/8.1.0.1035_5MB_PRE_RGN.bin
6385664 /tmp/ex/ifix_07/Intel ME 8 Firmware Repository Pack r11/Other/8.0.4.1441_5MB_PRE_RGN.bin
6385664 /tmp/ex/ifix_07/Intel ME 8 Firmware Repository Pack r11/Other/8.0.3.1427_5MB_PRE_RGN.bin
