posts found: 87
links found: 39
ifix_01 OK 11065375 <- https://drive.google.com/file/d/12cLEUuHerICGikLPlQG7T309e8MuvoGD/view?usp=drive_link (https://www.indiafix.in/2025/08/dell-optiplex-7000-tower-d31m-unlocked.html)
ifix_02 OK 17152175 <- https://drive.google.com/file/d/14N4iqwrLEVDbKFyPfIvfhjV6AOnAxUzz/view?usp=drive_link (https://www.indiafix.in/2026/05/dell-vostro-3681-clean-bios-bin-ok.html)
ifix_03 OK 12133764 <- https://drive.google.com/file/d/19CckaQxieTa_xDgEg1BlX1qut-x1NqTi/view?usp=drive_link (https://www.indiafix.in/2024/12/dell-optiplex-3000-202040-1-bios-dump.html)
ifix_04 OK 2877557 <- https://drive.google.com/file/d/1Ce8nuJjGPJg2vRzPURqAFP4Gx4cyVI8z/view?usp=drive_link (https://www.indiafix.in/2024/02/ipcml-cl.html)
ifix_05 OK 8714156 <- https://drive.google.com/file/d/1E5T7R9tri9gnR7HBimnVw6rf5WxphbB7/view?usp=drive_link (https://www.indiafix.in/2024/02/ipcml-ip.html)
ifix_06 OK 11205072 <- https://drive.google.com/file/d/1FNQtg_RJ6g48e8kmQT-cP2HbRy_O5oM-/view?usp=drive_link (https://www.indiafix.in/2024/02/ipcml-rn-zb.html)
ifix_07 OK 18776836 <- https://drive.google.com/file/d/1I_NohEOiFpZvPgYgJGFW3-7y-mnGpbWC/view?usp=drive_link (https://www.indiafix.in/2026/06/dell-pro-14-plus-pb14255-la-p051p-rev.html)
ifix_08 OK 8104542 <- https://drive.google.com/file/d/1KtGGuGJy8Z1qbTMzWwB0NJkGlPGSr4Mg/view?usp=drive_link (https://www.indiafix.in/2024/02/ipcml-cl.html)
ifix_09 OK 13924212 <- https://drive.google.com/file/d/1LMkCx_7kQJcw_Xbi9kyrMspQo4PKlhxv/view?usp=drive_link (https://www.indiafix.in/2024/02/ipcml-gz-uma.html)
ifix_10 FAIL size=268712 magic=Rar! <- https://drive.google.com/file/d/1OBCIKIXZQ4WlA9ikrtbQtsR4-hLxstUV/view?usp=drive_link
ifix_11 OK 8623147 <- https://drive.google.com/file/d/1SwWgiz3wnfvRWa0q4Qo-qjT391O2qkxm/view?usp=drive_link (https://www.indiafix.in/2024/02/ipcml-ct.html)
ifix_12 OK 22262454 <- https://drive.google.com/file/d/1TAFmXV2DvBc6Ub1j-a7EBYdD6AgS5cBh/view?usp=drive_link (https://www.indiafix.in/2026/06/dell-optiplex-3090-tower-18460-2-bios.html)
ifix_13 OK 7963681 <- https://drive.google.com/file/d/1Tot9yKujPiAx_MEtQtGjLtW6jSj5oy3o/view?usp=drive_link') (https://www.indiafix.in/2025/09/dell-alienware-aurora-r12-ipcml-sh-bios.html)
ifix_14 OK 22352464 <- https://drive.google.com/file/d/1VEDK6OhMBXckpaP_Elj4AGc_vKvj-afp/view?usp=drive_link (https://www.indiafix.in/2026/03/dell-optiplex-3090-212037-1-bios-bin-ok.html)
ifix_15 OK 16232667 <- https://drive.google.com/file/d/1_UCOOj1ncDuPVrtfKqihdwNU6v9JhRk7/view?usp=drive_link (https://www.indiafix.in/2024/02/ipcml-rn-zb.html)
ifix_16 OK 16942422 <- https://drive.google.com/file/d/1dgHzGm283CA-PO1CdQ-F8YIYGenXrpnG/view?usp=drive_link (https://www.indiafix.in/2025/01/dell-optiplex-3000-tower-d12-entry.html)
ifix_17 OK 24462397 <- https://drive.google.com/file/d/1eYoa1SZ4beyiJdu2_1EhIpjDF-59p9PY/view?usp=drive_link (https://www.indiafix.in/2025/08/dell-optiplex-7000-micro-bios-bin-file.html)
ifix_18 OK 2642983 <- https://drive.google.com/file/d/1fqbbY0y4_17CG6HIsp9gMFYWr6nbArsn/view?usp=drive_link (https://www.indiafix.in/2024/02/ipcml-sh.html)
ifix_19 OK 22710072 <- https://drive.google.com/file/d/1mXfq8rKzOniqjajnh9Q0EUqeoX79gWrh/view?usp=drive_link (https://www.indiafix.in/2026/06/dell-precision-3640-ipcml-rt-bios-bin.html)
ifix_20 OK 28972664 <- https://drive.google.com/file/d/1nuVk29xLaZTQibO3InCGBLLyk6mKrgI8/view?usp=drive_link (https://www.indiafix.in/2025/01/dell-8fc8-bios-password-unlocker-new.html)
ifix_21 OK 7717537 <- https://drive.google.com/file/d/1qV_Qtg6DPG38K619aO4sxbFlPQpOCrmQ/view?usp=drive_link (https://www.indiafix.in/2024/02/ipcml-sh.html)
ifix_22 OK 20513726 <- https://drive.google.com/file/d/1t-QDC79WYhU50E4509xh_fqPv_w2S-iI/view?usp=drive_link (https://www.indiafix.in/2026/06/dell-pro-14-plus-pb14255-la-p051p-rev.html)
ifix_23 OK 14100279 <- https://drive.google.com/file/d/1t_eUik8xFqsgzHKYBCQLUUW636sXzY2c/view?usp=drive_link (https://www.indiafix.in/2026/03/dell-optiplex-3090-212037-1-bios-bin-ok.html)
ifix_24 FAIL size=271897 magic=Rar! <- https://drive.google.com/file/d/1ycYiELmRxAXffHSH9lv9KSe9FY24Cwx7/view?usp=drive_link
ifix_25 OK 14047090 <- https://drive.google.com/file/d/1zADTBQNv6XaioOypZR81ntVw7SwF8r2R/view?usp=drive_link (https://www.indiafix.in/2024/02/ipcml-rn-zb.html)
ifix_26 OK 1603862 <- https://drive.google.com/uc?export=download&amp;id=1AxA1adWcnL8eUIDl-Us1o7DKRgtDBOU7') (https://www.indiafix.in/2025/09/dell-latitude-e6520-la-6562p-bios-bin.html)
ifix_27 FAIL size=126957 magic=Rar! <- https://drive.google.com/uc?export=download&amp;id=1FRFcg234bACEit7ASTuM5L76TW5N7Mc9
ifix_28 OK 8069527 <- https://drive.google.com/uc?export=download&amp;id=1JVTI0p_Ag_HyF2cNPb-jqg1S6hxT80Tk') (https://www.indiafix.in/2025/09/dell-xps-13-9350-la-c881p-aaz80-clean.html)
ifix_29 OK 8761808 <- https://drive.google.com/uc?export=download&amp;id=1LNF0p0CW1QJc5N7s3DdMj7EOpofDJt49 (https://www.indiafix.in/2026/05/dell-5490-la-f401-rev-20-clear-me-bios.html)
ifix_30 OK 5260715 <- https://drive.google.com/uc?export=download&amp;id=1PAWEXbOmYHfRUjaOR0uO1h8pXnf0LLJd') (https://www.indiafix.in/2025/09/dell-latitude-e6520-la-6562p-bios-bin.html)
ifix_31 OK 5565766 <- https://drive.google.com/uc?export=download&amp;id=1SEv5_xVCWUCPY8sfCDTxoEMN0mxqBF85 (https://www.indiafix.in/2024/02/ipcml-gz-uma.html)
ifix_32 OK 4442677 <- https://drive.google.com/uc?export=download&amp;id=1TiYyEOr1VpLsdWnlb9Yh8FSoSmyTKznM (https://www.indiafix.in/2026/05/dell-7447-da0am7mb8d0-rev-d-bios-bin-ok-tested.html)
ifix_33 OK 9901966 <- https://drive.google.com/uc?export=download&amp;id=1WNXqjGMXc43uimmi-L6hbkAPgyuUWFlR (https://www.indiafix.in/2025/01/dell-8fc8-bios-password-unlocker-new.html)
ifix_34 OK 5813517 <- https://drive.google.com/uc?export=download&amp;id=1X3fZumpsytADuhtD9APFxXQxcmZZ31rY') (https://www.indiafix.in/2025/09/dell-xps-13-9350-la-c881p-aaz80-clean.html)
ifix_35 OK 11874698 <- https://drive.google.com/uc?export=download&amp;id=1hKxv6x6b3C2jSYDF0xjPevEtp1UW1sGT (https://www.indiafix.in/2026/05/dell-optiplex-9010-ipimb-lk-bios-bin-ok-tested.html)
ifix_36 OK 2187556 <- https://drive.google.com/uc?export=download&amp;id=1iDfhjyYaz7W3-hvRW-Erjh96kehNzJsb (https://www.indiafix.in/2026/05/dell-inspiron-3135-da0zm5mb8d0-rev-d.html)
ifix_37 OK 10466817 <- https://drive.google.com/uc?export=download&amp;id=1lXZLyzx-qJNmrgE8iK4-mLuy-Q9qoEib') (https://www.indiafix.in/2025/09/dell-latitude-e6520-la-6562p-bios-bin.html)
ifix_38 OK 14585132 <- https://drive.google.com/uc?export=download&amp;id=1q6cNjN_642uAIHf1yncY0TtQFR-xt0-c') (https://www.indiafix.in/2025/09/dell-xps-13-9350-la-c881p-aaz80-clean.html)
ifix_39 OK 8195029 <- https://drive.google.com/uc?export=download&id=1mZg3q2wd3-VjkNwJ0uUGQvLQ7-szqDs3 (https://www.indiafix.in/2025/04/download-dell-pfs-extractor-v71-free.html)
archives kept: 36
